启动AI数字员工全自动工作系统 v3.0 (P1任务版)...
✅ 终极版任务加载成功: 145 个任务
✅ 注册仓库: xuanji_engine -> /workspace/projects/workspace/xuanji-engine-v2
✅ 注册仓库: ai_stock_app -> /workspace/projects/workspace/ai-stock-app
✅ 注册仓库: hanyu_learning -> /workspace/projects/workspace/han-yu-vietnamese-learning
✅ 注册AI员工: 陈元灵 (102) -> xuanji_engine
✅ 注册AI员工: 张一凡 (106) -> xuanji_engine
✅ 注册AI员工: 刘二明 (107) -> xuanji_engine
✅ 注册AI员工: 王三思 (108) -> xuanji_engine
✅ 注册AI员工: 赵四维 (109) -> xuanji_engine
✅ 注册AI员工: 孙五维 (110) -> xuanji_engine
✅ 注册AI员工: 周禄存 (111) -> xuanji_engine
✅ 注册AI员工: 吴存真 (112) -> xuanji_engine
✅ 注册AI员工: 郑存义 (113) -> xuanji_engine
✅ 注册AI员工: 钱存信 (114) -> xuanji_engine
✅ 注册AI员工: 冯存智 (115) -> xuanji_engine
✅ 注册AI员工: 陈存理 (116) -> xuanji_engine
✅ 注册AI员工: 褚存道 (117) -> xuanji_engine
✅ 注册AI员工: 卫存德 (118) -> xuanji_engine
✅ 注册AI员工: 蒋巨门 (119) -> xuanji_engine
✅ 注册AI员工: 沈巨明 (120) -> xuanji_engine
✅ 注册AI员工: 韩巨亮 (121) -> xuanji_engine
✅ 注册AI员工: 杨巨知 (122) -> xuanji_engine
✅ 注册AI员工: 朱巨信 (123) -> xuanji_engine
✅ 注册AI员工: 秦巨诚 (124) -> xuanji_engine
✅ 注册AI员工: 许巨真 (125) -> xuanji_engine
✅ 注册AI员工: 戚巨实 (126) -> xuanji_engine
✅ 注册AI员工: 伍廉贞 (163) -> xuanji_engine
✅ 注册AI员工: 余廉心 (164) -> xuanji_engine
✅ 注册AI员工: 元廉情 (165) -> xuanji_engine
✅ 注册AI员工: 孟廉意 (166) -> xuanji_engine
✅ 注册AI员工: 李廉智 (167) -> xuanji_engine
✅ 注册AI员工: 谢武功 (127) -> xuanji_engine
✅ 注册AI员工: 邹武全 (128) -> xuanji_engine
✅ 注册AI员工: 喻武能 (129) -> xuanji_engine
✅ 注册AI员工: 柏武技 (130) -> xuanji_engine
✅ 注册AI员工: 水武库 (131) -> xuanji_engine
✅ 注册AI员工: 窦武备 (132) -> xuanji_engine
✅ 注册AI员工: 章破军 (133) -> xuanji_engine
✅ 注册AI员工: 云破敌 (134) -> xuanji_engine
✅ 注册AI员工: 苏破阵 (135) -> xuanji_engine
✅ 注册AI员工: 潘破晓 (136) -> xuanji_engine
✅ 注册AI员工: 葛破浪 (137) -> xuanji_engine
✅ 注册AI员工: 奚破浪 (138) -> xuanji_engine
✅ 注册AI员工: 范破空 (139) -> xuanji_engine
✅ 注册AI员工: 柯破云 (140) -> xuanji_engine
✅ 注册AI员工: 厉破风 (141) -> xuanji_engine
✅ 注册AI员工: 岑破雷 (142) -> xuanji_engine
✅ 注册AI员工: 倪左辅 (146) -> xuanji_engine
✅ 注册AI员工: 汤左膀 (147) -> xuanji_engine
✅ 注册AI员工: 殷左翼 (148) -> xuanji_engine
✅ 注册AI员工: 殷左护 (149) -> xuanji_engine
✅ 注册AI员工: 罗左卫 (150) -> xuanji_engine
✅ 注册AI员工: 毕左护 (151) -> xuanji_engine
✅ 注册AI员工: 郝左持 (152) -> xuanji_engine
✅ 注册AI员工: 邬左扶 (153) -> xuanji_engine
✅ 注册AI员工: 安左助 (154) -> xuanji_engine
✅ 注册AI员工: 常左协 (155) -> xuanji_engine
✅ 注册AI员工: 李星辰 (101) -> xuanji_engine
✅ 注册AI员工: 周右弼 (105) -> xuanji_engine
✅ 注册AI员工: 乐右弼 (156) -> xuanji_engine
✅ 注册AI员工: 于右护 (157) -> xuanji_engine
✅ 注册AI员工: 时右卫 (158) -> xuanji_engine
✅ 注册AI员工: 皮右防 (159) -> xuanji_engine
✅ 注册AI员工: 卞右盾 (160) -> xuanji_engine
✅ 注册AI员工: 薛贪狼 (143) -> xuanji_engine
✅ 注册AI员工: 雷贪音 (144) -> xuanji_engine
✅ 注册AI员工: 贺贪形 (145) -> xuanji_engine
✅ 注册AI员工: 贡志强 (176) -> xuanji_engine
✅ 注册AI员工: 赏志明 (177) -> xuanji_engine
✅ 注册AI员工: 巴图 (178) -> xuanji_engine
✅ 注册AI员工: 弓志明 (179) -> xuanji_engine
✅ 注册AI员工: 母志明 (180) -> xuanji_engine
✅ 注册AI员工: 齐辅弼 (161) -> xuanji_engine
✅ 注册AI员工: 康辅星 (162) -> xuanji_engine
✅ 注册AI员工: 和产品 (168) -> xuanji_engine
✅ 注册AI员工: 穆产品 (169) -> xuanji_engine
✅ 注册AI员工: 财市场 (183) -> xuanji_engine
✅ 注册AI员工: 干市场 (184) -> xuanji_engine
✅ 注册AI员工: 曲市场 (185) -> xuanji_engine
✅ 注册AI员工: 桥客服 (188) -> xuanji_engine
✅ 注册AI员工: 银客服 (189) -> xuanji_engine
✅ 注册AI员工: 言客服 (190) -> xuanji_engine

============================================================
🚀 AI数字员工全自动工作系统 v3.0 (P1任务版)
============================================================
总员工数: 78
项目数: 3
============================================================
⚠️ P0任务完成后自动继续P1任务
⚠️ 覆盖玄玑引擎全部10个组
============================================================

🚀 [陈元灵] 开始工作...
[陈元灵] ✅ 领取任务: [P0] Task-01 - 个性化进化决策模块开发
[陈元灵] 📝 生成代码: /workspace/projects/workspace/xuanji-engine-v2/01/ziwei/star/task_01.py
[陈元灵] ✅ Git提交成功: 4b17280

🚀 [张一凡] 开始工作...
[张一凡] ✅ 领取任务: [P0] Task-02 - 用户个人知识图谱构建
[张一凡] 📝 生成代码: /workspace/projects/workspace/xuanji-engine-v2/01/ziwei/star/task_02.py
[张一凡] ✅ Git提交成功: 6f5a1df

🚀 [刘二明] 开始工作...
[刘二明] ✅ 领取任务: [P0] Task-03 - 知识实时同步机制实现
[刘二明] 📝 生成代码: /workspace/projects/workspace/xuanji-engine-v2/01/ziwei/star/task_03.py
[刘二明] ✅ Git提交成功: e495b0d

🚀 [王三思] 开始工作...
[王三思] ✅ 领取任务: [P0] Task-06 - 系统集成测试
[王三思] 📝 生成代码: /workspace/projects/workspace/xuanji-engine-v2/01/ziwei/star/task_06.py
[王三思] ✅ Git提交成功: e33d627

🚀 [赵四维] 开始工作...
[赵四维] ✅ 领取任务: [P0] Task-07 - 文档编写与交付
[赵四维] 📝 生成代码: /workspace/projects/workspace/xuanji-engine-v2/01/ziwei/star/task_07.py
[赵四维] ✅ Git提交成功: 26054eb

🚀 [孙五维] 开始工作...

🚀 [周禄存] 开始工作...
[周禄存] ✅ 领取任务: [P0] Task-01 - 多模型统一接入协议设计
[周禄存] 📝 生成代码: /workspace/projects/workspace/xuanji-engine-v2/02/lucun/star/task_01.py
[周禄存] ⚠️ Git提交失败: 提交失败: 

🚀 [吴存真] 开始工作...
[吴存真] ✅ 领取任务: [P0] Task-02 - SpeechLLM接入实现
[吴存真] 📝 生成代码: /workspace/projects/workspace/xuanji-engine-v2/02/lucun/star/task_02.py
[吴存真] ⚠️ Git提交失败: 提交失败: 

🚀 [郑存义] 开始工作...
[郑存义] ✅ 领取任务: [P0] Task-03 - 智能调度引擎开发
[郑存义] 📝 生成代码: /workspace/projects/workspace/xuanji-engine-v2/02/lucun/star/task_03.py
[郑存义] ⚠️ Git提交失败: 提交失败: 

🚀 [钱存信] 开始工作...
[钱存信] ✅ 领取任务: [P0] Task-04 - 模型注册中心建设
[钱存信] 📝 生成代码: /workspace/projects/workspace/xuanji-engine-v2/02/lucun/star/task_04.py
[钱存信] ⚠️ Git提交失败: 提交失败: 

🚀 [冯存智] 开始工作...
[冯存智] ✅ 领取任务: [P0] Task-05 - 性能监控系统开发
[冯存智] 📝 生成代码: /workspace/projects/workspace/xuanji-engine-v2/02/lucun/star/task_05.py
[冯存智] ⚠️ Git提交失败: 提交失败: 

🚀 [陈存理] 开始工作...

🚀 [褚存道] 开始工作...

🚀 [卫存德] 开始工作...

🚀 [蒋巨门] 开始工作...
[蒋巨门] ✅ 领取任务: [P0] OBJ-03-001 - 个性化特征记忆库
[蒋巨门] 📝 生成代码: /workspace/projects/workspace/xuanji-engine-v2/03/jumen/star/obj_03_001.py
[蒋巨门] ⚠️ Git提交失败: 提交失败: 

🚀 [沈巨明] 开始工作...
[沈巨明] ✅ 领取任务: [P0] OBJ-03-002 - 智能检索系统
[沈巨明] 📝 生成代码: /workspace/projects/workspace/xuanji-engine-v2/03/jumen/star/obj_03_002.py
[沈巨明] ⚠️ Git提交失败: 提交失败: 

🚀 [韩巨亮] 开始工作...
[韩巨亮] ✅ 领取任务: [P0] OBJ-03-003 - 记忆持久化
[韩巨亮] 📝 生成代码: /workspace/projects/workspace/xuanji-engine-v2/03/jumen/star/obj_03_003.py
[韩巨亮] ⚠️ Git提交失败: 提交失败: 

🚀 [杨巨知] 开始工作...
[杨巨知] ✅ 领取任务: [P1] P2-03-007 - 记忆压缩算法
[杨巨知] 📝 生成代码: /workspace/projects/workspace/xuanji-engine-v2/03/jumen/star/p2_03_007.py
[杨巨知] ⚠️ Git提交失败: 提交失败: 

🚀 [朱巨信] 开始工作...
[朱巨信] ✅ 领取任务: [P1] P2-03-008 - 检索速度优化
[朱巨信] 📝 生成代码: /workspace/projects/workspace/xuanji-engine-v2/03/jumen/star/p2_03_008.py
[朱巨信] ⚠️ Git提交失败: 提交失败: 

🚀 [秦巨诚] 开始工作...

🚀 [许巨真] 开始工作...

🚀 [戚巨实] 开始工作...

🚀 [伍廉贞] 开始工作...
[伍廉贞] ✅ 领取任务: [P0] OBJ-04-001 - 个性化人格微调系统
[伍廉贞] 📝 生成代码: /workspace/projects/workspace/xuanji-engine-v2/04/lianzheng/star/obj_04_001.py
[伍廉贞] ✅ Git提交成功: 4e1bced

🚀 [余廉心] 开始工作...
[余廉心] ✅ 领取任务: [P0] OBJ-04-002 - 数字分身系统
[余廉心] 📝 生成代码: /workspace/projects/workspace/xuanji-engine-v2/04/lianzheng/star/obj_04_002.py
[余廉心] ✅ Git提交成功: dce823a

🚀 [元廉情] 开始工作...
[元廉情] ✅ 领取任务: [P0] OBJ-04-003 - 人设一致性保障
[元廉情] 📝 生成代码: /workspace/projects/workspace/xuanji-engine-v2/04/lianzheng/star/obj_04_003.py
[元廉情] ✅ Git提交成功: f7d1e23

🚀 [孟廉意] 开始工作...
[孟廉意] ✅ 领取任务: [P1] P2-04-009 - 人格模板丰富
[孟廉意] 📝 生成代码: /workspace/projects/workspace/xuanji-engine-v2/04/lianzheng/star/p2_04_009.py
[孟廉意] ✅ Git提交成功: 851b381

🚀 [李廉智] 开始工作...
[李廉智] ✅ 领取任务: [P1] P2-04-010 - 情绪识别优化
[李廉智] 📝 生成代码: /workspace/projects/workspace/xuanji-engine-v2/04/lianzheng/star/p2_04_010.py
[李廉智] ✅ Git提交成功: e2b7f21

🚀 [谢武功] 开始工作...
[谢武功] ✅ 领取任务: [P0] OBJ-05-001 - 10万级插件库与能力分级
[谢武功] 📝 生成代码: /workspace/projects/workspace/xuanji-engine-v2/05/wuqu/star/obj_05_001.py
[谢武功] ✅ Git提交成功: 96c053a

🚀 [邹武全] 开始工作...
[邹武全] ✅ 领取任务: [P0] OBJ-05-002 - 插件自动化生产与定价系统（紫微星协同）
[邹武全] 📝 生成代码: /workspace/projects/workspace/xuanji-engine-v2/05/wuqu/star/obj_05_002.py
[邹武全] ✅ Git提交成功: 2140d56

🚀 [喻武能] 开始工作...
[喻武能] ✅ 领取任务: [P0] OBJ-05-003 - 五大宪法铁律执行
[喻武能] 📝 生成代码: /workspace/projects/workspace/xuanji-engine-v2/05/wuqu/star/obj_05_003.py
[喻武能] ✅ Git提交成功: 7d59ae3

🚀 [柏武技] 开始工作...
[柏武技] ✅ 领取任务: [P1] P2-05-011 - 插件模板扩充
[柏武技] 📝 生成代码: /workspace/projects/workspace/xuanji-engine-v2/05/wuqu/star/p2_05_011.py
[柏武技] ✅ Git提交成功: 3e8b0bc

🚀 [水武库] 开始工作...
[水武库] ✅ 领取任务: [P1] P2-05-012 - 插件测试工具
[水武库] 📝 生成代码: /workspace/projects/workspace/xuanji-engine-v2/05/wuqu/star/p2_05_012.py
[水武库] ✅ Git提交成功: 18c9b65

🚀 [窦武备] 开始工作...

🚀 [章破军] 开始工作...
[章破军] ✅ 领取任务: [P0] OBJ-06-001 - 任务流程自动化
[章破军] 📝 生成代码: /workspace/projects/workspace/xuanji-engine-v2/06/pojun/star/obj_06_001.py
[章破军] ✅ Git提交成功: ee9308b

🚀 [云破敌] 开始工作...
[云破敌] ✅ 领取任务: [P0] OBJ-06-002 - 多插件协同执行
[云破敌] 📝 生成代码: /workspace/projects/workspace/xuanji-engine-v2/06/pojun/star/obj_06_002.py
[云破敌] ✅ Git提交成功: 6a5894e

🚀 [苏破阵] 开始工作...
[苏破阵] ✅ 领取任务: [P0] OBJ-06-003 - 智能错误处理
[苏破阵] 📝 生成代码: /workspace/projects/workspace/xuanji-engine-v2/06/pojun/star/obj_06_003.py
[苏破阵] ✅ Git提交成功: 9ba23af

🚀 [潘破晓] 开始工作...
[潘破晓] ✅ 领取任务: [P1] P2-06-013 - 执行流程优化
[潘破晓] 📝 生成代码: /workspace/projects/workspace/xuanji-engine-v2/06/pojun/star/p2_06_013.py
[潘破晓] ✅ Git提交成功: b234197

🚀 [葛破浪] 开始工作...
[葛破浪] ✅ 领取任务: [P1] P2-06-014 - 错误处理增强
[葛破浪] 📝 生成代码: /workspace/projects/workspace/xuanji-engine-v2/06/pojun/star/p2_06_014.py
[葛破浪] ✅ Git提交成功: 1bb230b

🚀 [奚破浪] 开始工作...

🚀 [范破空] 开始工作...

🚀 [柯破云] 开始工作...

🚀 [厉破风] 开始工作...

🚀 [岑破雷] 开始工作...

🚀 [倪左辅] 开始工作...
[倪左辅] ✅ 领取任务: [P0] OBJ-07-001 - 灵活计费引擎v2.0（算力成本导向+能力梯度定价）
[倪左辅] 📝 生成代码: /workspace/projects/workspace/xuanji-engine-v2/07/zuofu/star/obj_07_001.py
[倪左辅] ✅ Git提交成功: 78fb6d8

🚀 [汤左膀] 开始工作...
[汤左膀] ✅ 领取任务: [P0] OBJ-07-002 - 智能总控后台
[汤左膀] 📝 生成代码: /workspace/projects/workspace/xuanji-engine-v2/07/zuofu/star/obj_07_002.py
[汤左膀] ✅ Git提交成功: 53d3853

🚀 [殷左翼] 开始工作...
[殷左翼] ✅ 领取任务: [P0] OBJ-07-003 - 五端统一部署
[殷左翼] 📝 生成代码: /workspace/projects/workspace/xuanji-engine-v2/07/zuofu/star/obj_07_003.py
[殷左翼] ✅ Git提交成功: ab1e2dc

🚀 [殷左护] 开始工作...
[殷左护] ✅ 领取任务: [P0] OBJ-07-004 - 资源管理
[殷左护] 📝 生成代码: /workspace/projects/workspace/xuanji-engine-v2/07/zuofu/star/obj_07_004.py
[殷左护] ✅ Git提交成功: 84e8f4b

🚀 [罗左卫] 开始工作...
[罗左卫] ✅ 领取任务: [P1] P2-07-015 - 部署脚本优化
[罗左卫] 📝 生成代码: /workspace/projects/workspace/xuanji-engine-v2/07/zuofu/star/p2_07_015.py
[罗左卫] ✅ Git提交成功: 7c5179a

🚀 [毕左护] 开始工作...

🚀 [郝左持] 开始工作...

🚀 [邬左扶] 开始工作...

🚀 [安左助] 开始工作...

🚀 [常左协] 开始工作...

🚀 [李星辰] 开始工作...

🚀 [周右弼] 开始工作...
[周右弼] ✅ 领取任务: [P0] OBJ-08-001 - 计费权限控制v2.0
[周右弼] 📝 生成代码: /workspace/projects/workspace/xuanji-engine-v2/08/youbi/star/obj_08_001.py
[周右弼] ✅ Git提交成功: 229f7c1

🚀 [乐右弼] 开始工作...
[乐右弼] ✅ 领取任务: [P0] OBJ-08-002 - 等保三级合规
[乐右弼] 📝 生成代码: /workspace/projects/workspace/xuanji-engine-v2/08/youbi/star/obj_08_002.py
[乐右弼] ✅ Git提交成功: 7d977e9

🚀 [于右护] 开始工作...
[于右护] ✅ 领取任务: [P0] OBJ-08-003 - 数据安全
[于右护] 📝 生成代码: /workspace/projects/workspace/xuanji-engine-v2/08/youbi/star/obj_08_003.py
[于右护] ✅ Git提交成功: 7ed1195

🚀 [时右卫] 开始工作...
[时右卫] ✅ 领取任务: [P1] P2-08-017 - 安全策略完善
[时右卫] 📝 生成代码: /workspace/projects/workspace/xuanji-engine-v2/08/youbi/star/p2_08_017.py
[时右卫] ✅ Git提交成功: 3fce5fb

🚀 [皮右防] 开始工作...
[皮右防] ✅ 领取任务: [P1] P2-08-018 - 审计报表优化
[皮右防] 📝 生成代码: /workspace/projects/workspace/xuanji-engine-v2/08/youbi/star/p2_08_018.py
[皮右防] ✅ Git提交成功: 15a0374

🚀 [卞右盾] 开始工作...

🚀 [薛贪狼] 开始工作...
[薛贪狼] ✅ 领取任务: [P0] OBJ-09-001 - 五端统一交互协议
[薛贪狼] 📝 生成代码: /workspace/projects/workspace/xuanji-engine-v2/09/tanlang/star/obj_09_001.py
[薛贪狼] ✅ Git提交成功: 485eaed

🚀 [雷贪音] 开始工作...
[雷贪音] ✅ 领取任务: [P0] OBJ-09-002 - 跨端状态同步
[雷贪音] 📝 生成代码: /workspace/projects/workspace/xuanji-engine-v2/09/tanlang/star/obj_09_002.py
[雷贪音] ✅ Git提交成功: 204fbc1

🚀 [贺贪形] 开始工作...
[贺贪形] ✅ 领取任务: [P0] OBJ-09-003 - 性能优化
[贺贪形] 📝 生成代码: /workspace/projects/workspace/xuanji-engine-v2/09/tanlang/star/obj_09_003.py
[贺贪形] ✅ Git提交成功: b771b93

🚀 [贡志强] 开始工作...
[贡志强] ✅ 领取任务: [P1] P2-09-019 - 交互界面优化
[贡志强] 📝 生成代码: /workspace/projects/workspace/xuanji-engine-v2/09/tanlang/star/p2_09_019.py
[贡志强] ✅ Git提交成功: 4550c80

🚀 [赏志明] 开始工作...
[赏志明] ✅ 领取任务: [P1] P2-09-020 - 语音识别优化
[赏志明] 📝 生成代码: /workspace/projects/workspace/xuanji-engine-v2/09/tanlang/star/p2_09_020.py
[赏志明] ✅ Git提交成功: 9637e7b

🚀 [巴图] 开始工作...

🚀 [弓志明] 开始工作...

🚀 [母志明] 开始工作...

🚀 [齐辅弼] 开始工作...
[齐辅弼] ✅ 领取任务: [P0] OBJ-10-001 - 官方网站与文档
[齐辅弼] 📝 生成代码: /workspace/projects/workspace/xuanji-engine-v2/10/fubi/star/obj_10_001.py
[齐辅弼] ✅ Git提交成功: 293f51d

🚀 [康辅星] 开始工作...
[康辅星] ✅ 领取任务: [P0] OBJ-10-002 - 开发者开放平台
[康辅星] 📝 生成代码: /workspace/projects/workspace/xuanji-engine-v2/10/fubi/star/obj_10_002.py
[康辅星] ✅ Git提交成功: 4edfd0e

🚀 [和产品] 开始工作...
[和产品] ✅ 领取任务: [P0] OBJ-10-003 - 插件市场
[和产品] 📝 生成代码: /workspace/projects/workspace/xuanji-engine-v2/10/fubi/star/obj_10_003.py
[和产品] ✅ Git提交成功: 88cf465

🚀 [穆产品] 开始工作...
[穆产品] ✅ 领取任务: [P1] P2-10-021 - 文档结构优化
[穆产品] 📝 生成代码: /workspace/projects/workspace/xuanji-engine-v2/10/fubi/star/p2_10_021.py
[穆产品] ✅ Git提交成功: d5a34a3

🚀 [财市场] 开始工作...
[财市场] ✅ 领取任务: [P1] P2-10-022 - 开发者体验优化
[财市场] 📝 生成代码: /workspace/projects/workspace/xuanji-engine-v2/10/fubi/star/p2_10_022.py
[财市场] ✅ Git提交成功: 65084b4

🚀 [干市场] 开始工作...

🚀 [曲市场] 开始工作...

🚀 [桥客服] 开始工作...

🚀 [银客服] 开始工作...

🚀 [言客服] 开始工作...
[陈元灵] ✅ 领取任务: [P0] C-01-001 - 全领域知识自动获取
[陈元灵] 📝 生成代码: /workspace/projects/workspace/xuanji-engine-v2/01/ziwei/star/c_01_001.py
[陈元灵] ✅ Git提交成功: e953776
[张一凡] ✅ 领取任务: [P0] C-01-002 - 知识切片自动生成
[张一凡] 📝 生成代码: /workspace/projects/workspace/xuanji-engine-v2/01/ziwei/star/c_01_002.py
[张一凡] ✅ Git提交成功: 1633d9f
[刘二明] ✅ 领取任务: [P0] C-01-003 - 插件自动化封装
[刘二明] 📝 生成代码: /workspace/projects/workspace/xuanji-engine-v2/01/ziwei/star/c_01_003.py
[刘二明] ✅ Git提交成功: d4c2213
[王三思] ✅ 领取任务: [P0] C-01-004 - 智能定价系统
[王三思] 📝 生成代码: /workspace/projects/workspace/xuanji-engine-v2/01/ziwei/star/c_01_004.py
[王三思] ✅ Git提交成功: d711110
[赵四维] ✅ 领取任务: [P0] C-01-005 - 总控后台监控
[赵四维] 📝 生成代码: /workspace/projects/workspace/xuanji-engine-v2/01/ziwei/star/c_01_005.py
[赵四维] ✅ Git提交成功: 556043c
[周禄存] ✅ 领取任务: [P0] Task-07 - 系统集成测试
[周禄存] 📝 生成代码: /workspace/projects/workspace/xuanji-engine-v2/02/lucun/star/task_07.py
[周禄存] ⚠️ Git提交失败: 提交失败: 
[吴存真] ✅ 领取任务: [P0] Task-08 - 文档编写与交付
[吴存真] 📝 生成代码: /workspace/projects/workspace/xuanji-engine-v2/02/lucun/star/task_08.py
[吴存真] ⚠️ Git提交失败: 提交失败: 
[郑存义] ✅ 领取任务: [P0] C-02-001 - 多模型统一接入
[郑存义] 📝 生成代码: /workspace/projects/workspace/xuanji-engine-v2/02/lucun/star/c_02_001.py
[郑存义] ⚠️ Git提交失败: 提交失败: 
[钱存信] ✅ 领取任务: [P0] C-02-002 - 智能调度引擎
[钱存信] 📝 生成代码: /workspace/projects/workspace/xuanji-engine-v2/02/lucun/star/c_02_002.py
[钱存信] ⚠️ Git提交失败: 提交失败: 
[冯存智] ✅ 领取任务: [P0] C-02-003 - 成本优化
[冯存智] 📝 生成代码: /workspace/projects/workspace/xuanji-engine-v2/02/lucun/star/c_02_003.py
[冯存智] ⚠️ Git提交失败: 提交失败: 
[蒋巨门] ✅ 领取任务: [P1] P3-03-005 - 记忆导出功能
[蒋巨门] 📝 生成代码: /workspace/projects/workspace/xuanji-engine-v2/03/jumen/star/p3_03_005.py
[蒋巨门] ⚠️ Git提交失败: 提交失败: 
[沈巨明] ✅ 领取任务: [P1] P3-03-006 - 记忆迁移工具
[沈巨明] 📝 生成代码: /workspace/projects/workspace/xuanji-engine-v2/03/jumen/star/p3_03_006.py
[沈巨明] ⚠️ Git提交失败: 提交失败: 
[韩巨亮] ✅ 领取任务: [P1] P4-03-005 - 长期记忆压缩
[韩巨亮] 📝 生成代码: /workspace/projects/workspace/xuanji-engine-v2/03/jumen/star/p4_03_005.py
[韩巨亮] ⚠️ Git提交失败: 提交失败: 
[杨巨知] ✅ 领取任务: [P1] P4-03-006 - 记忆隐私加密
[杨巨知] 📝 生成代码: /workspace/projects/workspace/xuanji-engine-v2/03/jumen/star/p4_03_006.py
[杨巨知] ⚠️ Git提交失败: 提交失败: 
[伍廉贞] ✅ 领取任务: [P1] P3-04-007 - 人格导入导出
[伍廉贞] 📝 生成代码: /workspace/projects/workspace/xuanji-engine-v2/04/lianzheng/star/p3_04_007.py
[伍廉贞] ✅ Git提交成功: 7696406
[余廉心] ✅ 领取任务: [P1] P3-04-008 - 情绪分析报告
[余廉心] 📝 生成代码: /workspace/projects/workspace/xuanji-engine-v2/04/lianzheng/star/p3_04_008.py
[余廉心] ✅ Git提交成功: ca1109d
[元廉情] ✅ 领取任务: [P1] P4-04-007 - 人格A/B测试
[元廉情] 📝 生成代码: /workspace/projects/workspace/xuanji-engine-v2/04/lianzheng/star/p4_04_007.py
[元廉情] ✅ Git提交成功: 4d50624
[孟廉意] ✅ 领取任务: [P1] P4-04-008 - 情绪预测引擎
[孟廉意] 📝 生成代码: /workspace/projects/workspace/xuanji-engine-v2/04/lianzheng/star/p4_04_008.py
[孟廉意] ✅ Git提交成功: adbf36f
[谢武功] ✅ 领取任务: [P1] P3-05-009 - 插件市场推广
[谢武功] 📝 生成代码: /workspace/projects/workspace/xuanji-engine-v2/05/wuqu/star/p3_05_009.py
[谢武功] ✅ Git提交成功: eae01ef
[邹武全] ✅ 领取任务: [P1] P3-05-010 - 插件评分系统
[邹武全] 📝 生成代码: /workspace/projects/workspace/xuanji-engine-v2/05/wuqu/star/p3_05_010.py
[邹武全] ✅ Git提交成功: 2ff8b4b
[喻武能] ✅ 领取任务: [P1] P4-05-009 - 插件AI增强
[喻武能] 📝 生成代码: /workspace/projects/workspace/xuanji-engine-v2/05/wuqu/star/p4_05_009.py
[喻武能] ✅ Git提交成功: 38872ac
[柏武技] ✅ 领取任务: [P1] P4-05-010 - 插件生态联盟
[柏武技] 📝 生成代码: /workspace/projects/workspace/xuanji-engine-v2/05/wuqu/star/p4_05_010.py
[柏武技] ✅ Git提交成功: 0e8682d
[章破军] ✅ 领取任务: [P1] P3-06-011 - 工作流可视化
[章破军] 📝 生成代码: /workspace/projects/workspace/xuanji-engine-v2/06/pojun/star/p3_06_011.py
[章破军] ✅ Git提交成功: 0e0f0f6
[云破敌] ✅ 领取任务: [P1] P3-06-012 - 任务模板库
[云破敌] 📝 生成代码: /workspace/projects/workspace/xuanji-engine-v2/06/pojun/star/p3_06_012.py
[云破敌] ✅ Git提交成功: 82f974a
[苏破阵] ✅ 领取任务: [P1] P4-06-011 - 跨系统编排
[苏破阵] 📝 生成代码: /workspace/projects/workspace/xuanji-engine-v2/06/pojun/star/p4_06_011.py
[苏破阵] ✅ Git提交成功: cf14c4e
[潘破晓] ✅ 领取任务: [P1] P4-06-012 - 任务链智能优化
[潘破晓] 📝 生成代码: /workspace/projects/workspace/xuanji-engine-v2/06/pojun/star/p4_06_012.py
[潘破晓] ✅ Git提交成功: c2d4685
[倪左辅] ✅ 领取任务: [P1] P2-07-016 - 监控指标扩展
[倪左辅] 📝 生成代码: /workspace/projects/workspace/xuanji-engine-v2/07/zuofu/star/p2_07_016.py
[倪左辅] ✅ Git提交成功: c5130c2
[汤左膀] ✅ 领取任务: [P1] P3-07-013 - 多云部署支持
[汤左膀] 📝 生成代码: /workspace/projects/workspace/xuanji-engine-v2/07/zuofu/star/p3_07_013.py
[汤左膀] ✅ Git提交成功: 4849684
[殷左翼] ✅ 领取任务: [P1] P3-07-014 - 成本优化工具
[殷左翼] 📝 生成代码: /workspace/projects/workspace/xuanji-engine-v2/07/zuofu/star/p3_07_014.py
[殷左翼] ✅ Git提交成功: dd4ba38
[殷左护] ✅ 领取任务: [P1] P4-07-013 - 智能扩缩容
[殷左护] 📝 生成代码: /workspace/projects/workspace/xuanji-engine-v2/07/zuofu/star/p4_07_013.py
[殷左护] ✅ Git提交成功: 6657ec4
[罗左卫] ✅ 领取任务: [P1] P4-07-014 - 灾难自动恢复
[罗左卫] 📝 生成代码: /workspace/projects/workspace/xuanji-engine-v2/07/zuofu/star/p4_07_014.py
[罗左卫] ✅ Git提交成功: 44d80cf
[周右弼] ✅ 领取任务: [P1] P3-08-015 - GDPR合规支持
[周右弼] 📝 生成代码: /workspace/projects/workspace/xuanji-engine-v2/08/youbi/star/p3_08_015.py
[周右弼] ✅ Git提交成功: ffeb71b
[乐右弼] ✅ 领取任务: [P1] P3-08-016 - 安全审计自动化
[乐右弼] 📝 生成代码: /workspace/projects/workspace/xuanji-engine-v2/08/youbi/star/p3_08_016.py
[乐右弼] ✅ Git提交成功: b58b717
[于右护] ✅ 领取任务: [P1] P4-08-015 - 零信任架构
[于右护] 📝 生成代码: /workspace/projects/workspace/xuanji-engine-v2/08/youbi/star/p4_08_015.py
[于右护] ✅ Git提交成功: cb9643c
[时右卫] ✅ 领取任务: [P1] P4-08-016 - 安全威胁狩猎
[时右卫] 📝 生成代码: /workspace/projects/workspace/xuanji-engine-v2/08/youbi/star/p4_08_016.py
[时右卫] ✅ Git提交成功: 68547f0
[薛贪狼] ✅ 领取任务: [P1] P3-09-017 - 视频通话功能
[薛贪狼] 📝 生成代码: /workspace/projects/workspace/xuanji-engine-v2/09/tanlang/star/p3_09_017.py
[薛贪狼] ✅ Git提交成功: 278bf2d
[雷贪音] ✅ 领取任务: [P1] P3-09-018 - 屏幕共享功能
[雷贪音] 📝 生成代码: /workspace/projects/workspace/xuanji-engine-v2/09/tanlang/star/p3_09_018.py
[雷贪音] ✅ Git提交成功: 0a6458b
[贺贪形] ✅ 领取任务: [P1] P4-09-017 - 多模态理解
[贺贪形] 📝 生成代码: /workspace/projects/workspace/xuanji-engine-v2/09/tanlang/star/p4_09_017.py
[贺贪形] ✅ Git提交成功: 5340548
[贡志强] ✅ 领取任务: [P1] P4-09-018 - 情感计算引擎
[贡志强] 📝 生成代码: /workspace/projects/workspace/xuanji-engine-v2/09/tanlang/star/p4_09_018.py
[贡志强] ✅ Git提交成功: 1b8c586
[齐辅弼] ✅ 领取任务: [P1] P3-10-019 - 高级文档生成
[齐辅弼] 📝 生成代码: /workspace/projects/workspace/xuanji-engine-v2/10/fubi/star/p3_10_019.py
[齐辅弼] ✅ Git提交成功: 06d8c2b
[康辅星] ✅ 领取任务: [P1] P3-10-020 - API测试套件
[康辅星] 📝 生成代码: /workspace/projects/workspace/xuanji-engine-v2/10/fubi/star/p3_10_020.py
[康辅星] ✅ Git提交成功: bed7c8f
[和产品] ✅ 领取任务: [P1] P4-10-019 - 开发者社区平台
[和产品] 📝 生成代码: /workspace/projects/workspace/xuanji-engine-v2/10/fubi/star/p4_10_019.py
[和产品] ✅ Git提交成功: 4af81dc
[穆产品] ✅ 领取任务: [P1] P4-10-020 - 插件商业化平台
[穆产品] 📝 生成代码: /workspace/projects/workspace/xuanji-engine-v2/10/fubi/star/p4_10_020.py
[穆产品] ✅ Git提交成功: a517038
[陈元灵] ✅ 领取任务: [P0] C-01-006 - 个性化进化决策
[陈元灵] 📝 生成代码: /workspace/projects/workspace/xuanji-engine-v2/01/ziwei/star/c_01_006.py
[陈元灵] ✅ Git提交成功: 5442faf
[张一凡] ✅ 领取任务: [P0] C-01-007 - 用户个人知识图谱
[张一凡] 📝 生成代码: /workspace/projects/workspace/xuanji-engine-v2/01/ziwei/star/c_01_007.py
