启动AI数字员工全自动工作系统 v3.0 (P1任务版)...
✅ 终极版任务加载成功: 115 个任务
✅ 注册仓库: xuanji_engine -> /workspace/projects/workspace/xuanji-engine-v2
✅ 注册仓库: ai_stock_app -> /workspace/projects/workspace/ai-stock-app
✅ 注册仓库: hanyu_learning -> /workspace/projects/workspace/han-yu-vietnamese-learning
✅ 注册AI员工: 陈元灵 (102) -> xuanji_engine
✅ 注册AI员工: 林对齐 (106) -> xuanji_engine
✅ 注册AI员工: 黄漂移 (107) -> xuanji_engine
✅ 注册AI员工: 周进化 (108) -> xuanji_engine
✅ 注册AI员工: 吴模板 (109) -> xuanji_engine
✅ 注册AI员工: 周禄存 (111) -> xuanji_engine
✅ 注册AI员工: 郑路由 (112) -> xuanji_engine
✅ 注册AI员工: 王规划 (113) -> xuanji_engine
✅ 注册AI员工: 冯优化 (114) -> xuanji_engine
✅ 注册AI员工: 钱调度 (115) -> xuanji_engine
✅ 注册AI员工: 蒋巨门 (119) -> xuanji_engine
✅ 注册AI员工: 沈记忆 (120) -> xuanji_engine
✅ 注册AI员工: 韩向量 (121) -> xuanji_engine
✅ 注册AI员工: 杨检索 (122) -> xuanji_engine
✅ 注册AI员工: 朱图谱 (123) -> xuanji_engine
✅ 注册AI员工: 伍廉贞 (163) -> xuanji_engine
✅ 注册AI员工: 余情绪 (164) -> xuanji_engine
✅ 注册AI员工: 元人格 (165) -> xuanji_engine
✅ 注册AI员工: 孟一致 (166) -> xuanji_engine
✅ 注册AI员工: 平心理 (167) -> xuanji_engine
✅ 注册AI员工: 谢武功 (127) -> xuanji_engine
✅ 注册AI员工: 邹接口 (128) -> xuanji_engine
✅ 注册AI员工: 喻发现 (129) -> xuanji_engine
✅ 注册AI员工: 柏依赖 (130) -> xuanji_engine
✅ 注册AI员工: 水版本 (131) -> xuanji_engine
✅ 注册AI员工: 章破军 (133) -> xuanji_engine
✅ 注册AI员工: 云沙箱 (134) -> xuanji_engine
✅ 注册AI员工: 苏容器 (135) -> xuanji_engine
✅ 注册AI员工: 潘外呼 (136) -> xuanji_engine
✅ 注册AI员工: 葛消息 (137) -> xuanji_engine
✅ 注册AI员工: 倪左辅 (146) -> xuanji_engine
✅ 注册AI员工: 汤K8s (147) -> xuanji_engine
✅ 注册AI员工: 殷用户 (148) -> xuanji_engine
✅ 注册AI员工: 罗隔离 (149) -> xuanji_engine
✅ 注册AI员工: 毕配置 (150) -> xuanji_engine
✅ 注册AI员工: 周右弼 (105) -> xuanji_engine
✅ 注册AI员工: 乐法律 (156) -> xuanji_engine
✅ 注册AI员工: 于道德 (157) -> xuanji_engine
✅ 注册AI员工: 时权限 (158) -> xuanji_engine
✅ 注册AI员工: 皮审计 (159) -> xuanji_engine
✅ 注册AI员工: 薛贪狼 (143) -> xuanji_engine
✅ 注册AI员工: 雷ASR (144) -> xuanji_engine
✅ 注册AI员工: 贺TTS (145) -> xuanji_engine
✅ 注册AI员工: 贡数字人 (176) -> xuanji_engine
✅ 注册AI员工: 赏界面 (177) -> xuanji_engine
✅ 注册AI员工: 齐辅弼 (161) -> xuanji_engine
✅ 注册AI员工: 康网关 (162) -> xuanji_engine
✅ 注册AI员工: 和产品 (168) -> xuanji_engine
✅ 注册AI员工: 穆文档 (169) -> xuanji_engine
✅ 注册AI员工: 财SDK (183) -> xuanji_engine

============================================================
🚀 AI数字员工全自动工作系统 v3.0 (P1任务版)
============================================================
总员工数: 50
项目数: 3
============================================================
⚠️ P0任务完成后自动继续P1任务
⚠️ 覆盖玄玑引擎全部10个组
============================================================

🚀 [陈元灵] 开始工作...
[陈元灵] ✅ 领取任务: [P0] Task-01 - 个性化进化决策模块开发
[陈元灵] 📝 生成代码: /workspace/projects/workspace/xuanji-engine-v2/01/ziwei/star/task_01.py
[陈元灵] ✅ Git提交成功: 16a9a4b

🚀 [林对齐] 开始工作...

🚀 [黄漂移] 开始工作...

🚀 [周进化] 开始工作...

🚀 [吴模板] 开始工作...

🚀 [周禄存] 开始工作...
[周禄存] ✅ 领取任务: [P0] Task-01 - 多模型统一接入协议设计
[周禄存] 📝 生成代码: /workspace/projects/workspace/xuanji-engine-v2/02/lucun/star/task_01.py
[周禄存] ⚠️ Git提交失败: 提交失败: 

🚀 [郑路由] 开始工作...

🚀 [王规划] 开始工作...

🚀 [冯优化] 开始工作...

🚀 [钱调度] 开始工作...

🚀 [蒋巨门] 开始工作...
[蒋巨门] ✅ 领取任务: [P0] OBJ-03-001 - 个性化特征记忆库
[蒋巨门] 📝 生成代码: /workspace/projects/workspace/xuanji-engine-v2/03/jumen/star/obj_03_001.py
[蒋巨门] ⚠️ Git提交失败: 提交失败: 

🚀 [沈记忆] 开始工作...

🚀 [韩向量] 开始工作...

🚀 [杨检索] 开始工作...

🚀 [朱图谱] 开始工作...

🚀 [伍廉贞] 开始工作...
[伍廉贞] ✅ 领取任务: [P0] OBJ-04-001 - 个性化人格微调系统
[伍廉贞] 📝 生成代码: /workspace/projects/workspace/xuanji-engine-v2/04/lianzheng/star/obj_04_001.py
[伍廉贞] ✅ Git提交成功: 5e051a3

🚀 [余情绪] 开始工作...

🚀 [元人格] 开始工作...

🚀 [孟一致] 开始工作...

🚀 [平心理] 开始工作...

🚀 [谢武功] 开始工作...
[谢武功] ✅ 领取任务: [P0] OBJ-05-001 - 10万级插件库与能力分级
[谢武功] 📝 生成代码: /workspace/projects/workspace/xuanji-engine-v2/05/wuqu/star/obj_05_001.py
[谢武功] ✅ Git提交成功: 24dcad6

🚀 [邹接口] 开始工作...
[邹接口] ✅ 领取任务: [P0] OBJ-10-001 - 官方网站与文档
[邹接口] 📝 生成代码: /workspace/projects/workspace/xuanji-engine-v2/10/fubi/star/obj_10_001.py
[邹接口] ✅ Git提交成功: 3bf1b62

🚀 [喻发现] 开始工作...

🚀 [柏依赖] 开始工作...

🚀 [水版本] 开始工作...

🚀 [章破军] 开始工作...
[章破军] ✅ 领取任务: [P0] OBJ-06-001 - 任务流程自动化
[章破军] 📝 生成代码: /workspace/projects/workspace/xuanji-engine-v2/06/pojun/star/obj_06_001.py
[章破军] ✅ Git提交成功: 20d245e

🚀 [云沙箱] 开始工作...

🚀 [苏容器] 开始工作...

🚀 [潘外呼] 开始工作...

🚀 [葛消息] 开始工作...

🚀 [倪左辅] 开始工作...
[倪左辅] ✅ 领取任务: [P0] OBJ-07-001 - 灵活计费引擎v2.0（算力成本导向+能力梯度定价）
[倪左辅] 📝 生成代码: /workspace/projects/workspace/xuanji-engine-v2/07/zuofu/star/obj_07_001.py
[倪左辅] ✅ Git提交成功: 0583228

🚀 [汤K8s] 开始工作...

🚀 [殷用户] 开始工作...

🚀 [罗隔离] 开始工作...

🚀 [毕配置] 开始工作...

🚀 [周右弼] 开始工作...
[周右弼] ✅ 领取任务: [P0] OBJ-08-001 - 计费权限控制v2.0
[周右弼] 📝 生成代码: /workspace/projects/workspace/xuanji-engine-v2/08/youbi/star/obj_08_001.py
[周右弼] ✅ Git提交成功: 4488db1

🚀 [乐法律] 开始工作...

🚀 [于道德] 开始工作...

🚀 [时权限] 开始工作...

🚀 [皮审计] 开始工作...

🚀 [薛贪狼] 开始工作...
[薛贪狼] ✅ 领取任务: [P0] OBJ-09-001 - 五端统一交互协议
[薛贪狼] 📝 生成代码: /workspace/projects/workspace/xuanji-engine-v2/09/tanlang/star/obj_09_001.py
[薛贪狼] ✅ Git提交成功: 194570f

🚀 [雷ASR] 开始工作...

🚀 [贺TTS] 开始工作...

🚀 [贡数字人] 开始工作...

🚀 [赏界面] 开始工作...

🚀 [齐辅弼] 开始工作...

🚀 [康网关] 开始工作...

🚀 [和产品] 开始工作...

🚀 [穆文档] 开始工作...

🚀 [财SDK] 开始工作...
[陈元灵] ✅ 领取任务: [P0] Task-02 - 用户个人知识图谱构建
[陈元灵] 📝 生成代码: /workspace/projects/workspace/xuanji-engine-v2/01/ziwei/star/task_02.py
[陈元灵] ✅ Git提交成功: efc3469
[周禄存] ✅ 领取任务: [P0] Task-02 - SpeechLLM接入实现
[周禄存] 📝 生成代码: /workspace/projects/workspace/xuanji-engine-v2/02/lucun/star/task_02.py
[周禄存] ⚠️ Git提交失败: 提交失败: 
[蒋巨门] ✅ 领取任务: [P0] OBJ-03-002 - 智能检索系统
[蒋巨门] 📝 生成代码: /workspace/projects/workspace/xuanji-engine-v2/03/jumen/star/obj_03_002.py
[蒋巨门] ⚠️ Git提交失败: 提交失败: 
[伍廉贞] ✅ 领取任务: [P0] OBJ-04-002 - 数字分身系统
[伍廉贞] 📝 生成代码: /workspace/projects/workspace/xuanji-engine-v2/04/lianzheng/star/obj_04_002.py
[伍廉贞] ✅ Git提交成功: 62749d2
[谢武功] ✅ 领取任务: [P0] OBJ-05-002 - 插件自动化生产与定价系统（紫微星协同）
[谢武功] 📝 生成代码: /workspace/projects/workspace/xuanji-engine-v2/05/wuqu/star/obj_05_002.py
[谢武功] ✅ Git提交成功: 2a8835b
[邹接口] ✅ 领取任务: [P0] OBJ-10-002 - 开发者开放平台
[邹接口] 📝 生成代码: /workspace/projects/workspace/xuanji-engine-v2/10/fubi/star/obj_10_002.py
[邹接口] ✅ Git提交成功: f942758
[章破军] ✅ 领取任务: [P0] OBJ-06-002 - 多插件协同执行
[章破军] 📝 生成代码: /workspace/projects/workspace/xuanji-engine-v2/06/pojun/star/obj_06_002.py
[章破军] ✅ Git提交成功: edbcdc6
[倪左辅] ✅ 领取任务: [P0] OBJ-07-002 - 智能总控后台
[倪左辅] 📝 生成代码: /workspace/projects/workspace/xuanji-engine-v2/07/zuofu/star/obj_07_002.py
[倪左辅] ✅ Git提交成功: eb2bd62
[周右弼] ✅ 领取任务: [P0] OBJ-08-002 - 等保三级合规
[周右弼] 📝 生成代码: /workspace/projects/workspace/xuanji-engine-v2/08/youbi/star/obj_08_002.py
[周右弼] ✅ Git提交成功: 13348f6
[薛贪狼] ✅ 领取任务: [P0] OBJ-09-002 - 跨端状态同步
[薛贪狼] 📝 生成代码: /workspace/projects/workspace/xuanji-engine-v2/09/tanlang/star/obj_09_002.py
[薛贪狼] ✅ Git提交成功: 3471ae1
[陈元灵] ✅ 领取任务: [P0] Task-03 - 知识实时同步机制实现
[陈元灵] 📝 生成代码: /workspace/projects/workspace/xuanji-engine-v2/01/ziwei/star/task_03.py
[陈元灵] ✅ Git提交成功: 0bf72dd
[周禄存] ✅ 领取任务: [P0] Task-03 - 智能调度引擎开发
[周禄存] 📝 生成代码: /workspace/projects/workspace/xuanji-engine-v2/02/lucun/star/task_03.py
[周禄存] ⚠️ Git提交失败: 提交失败: 
[蒋巨门] ✅ 领取任务: [P0] OBJ-03-003 - 记忆持久化
[蒋巨门] 📝 生成代码: /workspace/projects/workspace/xuanji-engine-v2/03/jumen/star/obj_03_003.py
[蒋巨门] ⚠️ Git提交失败: 提交失败: 
[伍廉贞] ✅ 领取任务: [P0] OBJ-04-003 - 人设一致性保障
[伍廉贞] 📝 生成代码: /workspace/projects/workspace/xuanji-engine-v2/04/lianzheng/star/obj_04_003.py
[伍廉贞] ✅ Git提交成功: c48a84f
[谢武功] ✅ 领取任务: [P0] OBJ-05-003 - 五大宪法铁律执行
[谢武功] 📝 生成代码: /workspace/projects/workspace/xuanji-engine-v2/05/wuqu/star/obj_05_003.py
[谢武功] ✅ Git提交成功: 8290b35
[林对齐] ⏳ 暂无任务，休息60秒...
[黄漂移] ⏳ 暂无任务，休息60秒...
[周进化] ⏳ 暂无任务，休息60秒...
[吴模板] ⏳ 暂无任务，休息60秒...
[郑路由] ⏳ 暂无任务，休息60秒...
[王规划] ⏳ 暂无任务，休息60秒...
[冯优化] ⏳ 暂无任务，休息60秒...
[钱调度] ⏳ 暂无任务，休息60秒...
[沈记忆] ⏳ 暂无任务，休息60秒...
[韩向量] ⏳ 暂无任务，休息60秒...
[杨检索] ⏳ 暂无任务，休息60秒...
[朱图谱] ⏳ 暂无任务，休息60秒...
[邹接口] ✅ 领取任务: [P0] OBJ-10-003 - 插件市场
[邹接口] 📝 生成代码: /workspace/projects/workspace/xuanji-engine-v2/10/fubi/star/obj_10_003.py
[邹接口] ✅ Git提交成功: 846fcbb
[余情绪] ⏳ 暂无任务，休息60秒...
[元人格] ⏳ 暂无任务，休息60秒...
[孟一致] ⏳ 暂无任务，休息60秒...
[平心理] ⏳ 暂无任务，休息60秒...
[章破军] ✅ 领取任务: [P0] OBJ-06-003 - 智能错误处理
[章破军] 📝 生成代码: /workspace/projects/workspace/xuanji-engine-v2/06/pojun/star/obj_06_003.py
[章破军] ✅ Git提交成功: 8d52392
[倪左辅] ✅ 领取任务: [P0] OBJ-07-003 - 五端统一部署
[倪左辅] 📝 生成代码: /workspace/projects/workspace/xuanji-engine-v2/07/zuofu/star/obj_07_003.py
[倪左辅] ✅ Git提交成功: 5849a87
[喻发现] ⏳ 暂无任务，休息60秒...
[柏依赖] ⏳ 暂无任务，休息60秒...
[水版本] ⏳ 暂无任务，休息60秒...
[周右弼] ✅ 领取任务: [P0] OBJ-08-003 - 数据安全
[周右弼] 📝 生成代码: /workspace/projects/workspace/xuanji-engine-v2/08/youbi/star/obj_08_003.py
[周右弼] ✅ Git提交成功: 2c64cad
[云沙箱] ⏳ 暂无任务，休息60秒...
[苏容器] ⏳ 暂无任务，休息60秒...
[潘外呼] ⏳ 暂无任务，休息60秒...
[葛消息] ⏳ 暂无任务，休息60秒...
[薛贪狼] ✅ 领取任务: [P0] OBJ-09-003 - 性能优化
[薛贪狼] 📝 生成代码: /workspace/projects/workspace/xuanji-engine-v2/09/tanlang/star/obj_09_003.py
[薛贪狼] ✅ Git提交成功: 441bf49
[汤K8s] ⏳ 暂无任务，休息60秒...
[殷用户] ⏳ 暂无任务，休息60秒...
[罗隔离] ⏳ 暂无任务，休息60秒...
[毕配置] ⏳ 暂无任务，休息60秒...
[陈元灵] ✅ 领取任务: [P0] Task-06 - 系统集成测试
[陈元灵] 📝 生成代码: /workspace/projects/workspace/xuanji-engine-v2/01/ziwei/star/task_06.py
[陈元灵] ✅ Git提交成功: ebd8731
[周禄存] ✅ 领取任务: [P0] Task-04 - 模型注册中心建设
[周禄存] 📝 生成代码: /workspace/projects/workspace/xuanji-engine-v2/02/lucun/star/task_04.py
[周禄存] ⚠️ Git提交失败: 提交失败: 
[蒋巨门] ✅ 领取任务: [P1] P2-03-007 - 记忆压缩算法
[蒋巨门] 📝 生成代码: /workspace/projects/workspace/xuanji-engine-v2/03/jumen/star/p2_03_007.py
[蒋巨门] ✅ Git提交成功: 6990df5
[乐法律] ⏳ 暂无任务，休息60秒...
[于道德] ⏳ 暂无任务，休息60秒...
[时权限] ⏳ 暂无任务，休息60秒...
[皮审计] ⏳ 暂无任务，休息60秒...
[伍廉贞] ✅ 领取任务: [P1] P2-04-009 - 人格模板丰富
[伍廉贞] 📝 生成代码: /workspace/projects/workspace/xuanji-engine-v2/04/lianzheng/star/p2_04_009.py
[伍廉贞] ✅ Git提交成功: 539a145
[雷ASR] ⏳ 暂无任务，休息60秒...
[贺TTS] ⏳ 暂无任务，休息60秒...
[贡数字人] ⏳ 暂无任务，休息60秒...
[赏界面] ⏳ 暂无任务，休息60秒...
[齐辅弼] ⏳ 暂无任务，休息60秒...
[康网关] ⏳ 暂无任务，休息60秒...
[和产品] ⏳ 暂无任务，休息60秒...
[穆文档] ⏳ 暂无任务，休息60秒...
[财SDK] ⏳ 暂无任务，休息60秒...
[谢武功] ✅ 领取任务: [P1] P2-05-011 - 插件模板扩充
[谢武功] 📝 生成代码: /workspace/projects/workspace/xuanji-engine-v2/05/wuqu/star/p2_05_011.py
[谢武功] ✅ Git提交成功: b5dda3e
[邹接口] ✅ 领取任务: [P1] P2-10-021 - 文档结构优化
[邹接口] 📝 生成代码: /workspace/projects/workspace/xuanji-engine-v2/10/fubi/star/p2_10_021.py
[邹接口] ✅ Git提交成功: 947489a
[章破军] ✅ 领取任务: [P1] P2-06-013 - 执行流程优化
[章破军] 📝 生成代码: /workspace/projects/workspace/xuanji-engine-v2/06/pojun/star/p2_06_013.py
[章破军] ✅ Git提交成功: 43bbd89
[倪左辅] ✅ 领取任务: [P0] OBJ-07-004 - 资源管理
[倪左辅] 📝 生成代码: /workspace/projects/workspace/xuanji-engine-v2/07/zuofu/star/obj_07_004.py
[倪左辅] ✅ Git提交成功: 34b61ce
[周右弼] ✅ 领取任务: [P1] P2-08-017 - 安全策略完善
[周右弼] 📝 生成代码: /workspace/projects/workspace/xuanji-engine-v2/08/youbi/star/p2_08_017.py
[周右弼] ✅ Git提交成功: fac1b19
[薛贪狼] ✅ 领取任务: [P1] P2-09-019 - 交互界面优化
[薛贪狼] 📝 生成代码: /workspace/projects/workspace/xuanji-engine-v2/09/tanlang/star/p2_09_019.py
[薛贪狼] ✅ Git提交成功: 17b37c8
[陈元灵] ✅ 领取任务: [P0] Task-07 - 文档编写与交付
[陈元灵] 📝 生成代码: /workspace/projects/workspace/xuanji-engine-v2/01/ziwei/star/task_07.py
[陈元灵] ✅ Git提交成功: 2895fe6
[周禄存] ✅ 领取任务: [P0] Task-05 - 性能监控系统开发
[周禄存] 📝 生成代码: /workspace/projects/workspace/xuanji-engine-v2/02/lucun/star/task_05.py
[周禄存] ⚠️ Git提交失败: 提交失败: 
[蒋巨门] ✅ 领取任务: [P1] P2-03-008 - 检索速度优化
[蒋巨门] 📝 生成代码: /workspace/projects/workspace/xuanji-engine-v2/03/jumen/star/p2_03_008.py
[蒋巨门] ✅ Git提交成功: 7e2481b
[伍廉贞] ✅ 领取任务: [P1] P2-04-010 - 情绪识别优化
[伍廉贞] 📝 生成代码: /workspace/projects/workspace/xuanji-engine-v2/04/lianzheng/star/p2_04_010.py
[伍廉贞] ✅ Git提交成功: ab2e875
[谢武功] ✅ 领取任务: [P1] P2-05-012 - 插件测试工具
[谢武功] 📝 生成代码: /workspace/projects/workspace/xuanji-engine-v2/05/wuqu/star/p2_05_012.py
[谢武功] ✅ Git提交成功: ecc94c3
[邹接口] ✅ 领取任务: [P1] P2-10-022 - 开发者体验优化
[邹接口] 📝 生成代码: /workspace/projects/workspace/xuanji-engine-v2/10/fubi/star/p2_10_022.py
[邹接口] ✅ Git提交成功: a08ebc6
[章破军] ✅ 领取任务: [P1] P2-06-014 - 错误处理增强
[章破军] 📝 生成代码: /workspace/projects/workspace/xuanji-engine-v2/06/pojun/star/p2_06_014.py
[章破军] ✅ Git提交成功: 720ab82
[倪左辅] ✅ 领取任务: [P1] P2-07-015 - 部署脚本优化
[倪左辅] 📝 生成代码: /workspace/projects/workspace/xuanji-engine-v2/07/zuofu/star/p2_07_015.py
[倪左辅] ✅ Git提交成功: ad10d85
[周右弼] ✅ 领取任务: [P1] P2-08-018 - 审计报表优化
[周右弼] 📝 生成代码: /workspace/projects/workspace/xuanji-engine-v2/08/youbi/star/p2_08_018.py
[周右弼] ✅ Git提交成功: 2baf17e
[薛贪狼] ✅ 领取任务: [P1] P2-09-020 - 语音识别优化
[薛贪狼] 📝 生成代码: /workspace/projects/workspace/xuanji-engine-v2/09/tanlang/star/p2_09_020.py
[薛贪狼] ✅ Git提交成功: bfe143f
[陈元灵] ✅ 领取任务: [P0] C-01-001 - 全领域知识自动获取
[陈元灵] 📝 生成代码: /workspace/projects/workspace/xuanji-engine-v2/01/ziwei/star/c_01_001.py
[陈元灵] ✅ Git提交成功: 4dea511
[周禄存] ✅ 领取任务: [P0] Task-07 - 系统集成测试
[周禄存] 📝 生成代码: /workspace/projects/workspace/xuanji-engine-v2/02/lucun/star/task_07.py
[周禄存] ⚠️ Git提交失败: 提交失败: 
[蒋巨门] ✅ 领取任务: [P1] P3-03-005 - 记忆导出功能
[蒋巨门] 📝 生成代码: /workspace/projects/workspace/xuanji-engine-v2/03/jumen/star/p3_03_005.py
[蒋巨门] ✅ Git提交成功: a52959f
[伍廉贞] ✅ 领取任务: [P1] P3-04-007 - 人格导入导出
[伍廉贞] 📝 生成代码: /workspace/projects/workspace/xuanji-engine-v2/04/lianzheng/star/p3_04_007.py
[伍廉贞] ✅ Git提交成功: 4e5c5f9
[谢武功] ✅ 领取任务: [P1] P3-05-009 - 插件市场推广
[谢武功] 📝 生成代码: /workspace/projects/workspace/xuanji-engine-v2/05/wuqu/star/p3_05_009.py
[谢武功] ✅ Git提交成功: 5bc8a2a
[邹接口] ✅ 领取任务: [P1] P3-10-019 - 高级文档生成
[邹接口] 📝 生成代码: /workspace/projects/workspace/xuanji-engine-v2/10/fubi/star/p3_10_019.py
[邹接口] ✅ Git提交成功: e35521a
[章破军] ✅ 领取任务: [P1] P3-06-011 - 工作流可视化
[章破军] 📝 生成代码: /workspace/projects/workspace/xuanji-engine-v2/06/pojun/star/p3_06_011.py
[章破军] ✅ Git提交成功: 37a8460
[倪左辅] ✅ 领取任务: [P1] P2-07-016 - 监控指标扩展
[倪左辅] 📝 生成代码: /workspace/projects/workspace/xuanji-engine-v2/07/zuofu/star/p2_07_016.py
[倪左辅] ✅ Git提交成功: ca24478
[周右弼] ✅ 领取任务: [P1] P3-08-015 - GDPR合规支持
[周右弼] 📝 生成代码: /workspace/projects/workspace/xuanji-engine-v2/08/youbi/star/p3_08_015.py
[周右弼] ✅ Git提交成功: e2e4a5e
[薛贪狼] ✅ 领取任务: [P1] P3-09-017 - 视频通话功能
[薛贪狼] 📝 生成代码: /workspace/projects/workspace/xuanji-engine-v2/09/tanlang/star/p3_09_017.py
[薛贪狼] ✅ Git提交成功: b84b180
[陈元灵] ✅ 领取任务: [P0] C-01-002 - 知识切片自动生成
[陈元灵] 📝 生成代码: /workspace/projects/workspace/xuanji-engine-v2/01/ziwei/star/c_01_002.py
[陈元灵] ✅ Git提交成功: dded40a
[周禄存] ✅ 领取任务: [P0] Task-08 - 文档编写与交付
[周禄存] 📝 生成代码: /workspace/projects/workspace/xuanji-engine-v2/02/lucun/star/task_08.py
[周禄存] ⚠️ Git提交失败: 提交失败: 
[蒋巨门] ✅ 领取任务: [P1] P3-03-006 - 记忆迁移工具
[蒋巨门] 📝 生成代码: /workspace/projects/workspace/xuanji-engine-v2/03/jumen/star/p3_03_006.py
[蒋巨门] ✅ Git提交成功: 2b097d0
[伍廉贞] ✅ 领取任务: [P1] P3-04-008 - 情绪分析报告
[伍廉贞] 📝 生成代码: /workspace/projects/workspace/xuanji-engine-v2/04/lianzheng/star/p3_04_008.py
[伍廉贞] ✅ Git提交成功: 25db999
[谢武功] ✅ 领取任务: [P1] P3-05-010 - 插件评分系统
[谢武功] 📝 生成代码: /workspace/projects/workspace/xuanji-engine-v2/05/wuqu/star/p3_05_010.py
[谢武功] ✅ Git提交成功: 0295ff4
[邹接口] ✅ 领取任务: [P1] P3-10-020 - API测试套件
[邹接口] 📝 生成代码: /workspace/projects/workspace/xuanji-engine-v2/10/fubi/star/p3_10_020.py
[邹接口] ✅ Git提交成功: d67deca
[章破军] ✅ 领取任务: [P1] P3-06-012 - 任务模板库
[章破军] 📝 生成代码: /workspace/projects/workspace/xuanji-engine-v2/06/pojun/star/p3_06_012.py
[章破军] ✅ Git提交成功: 1d8a474
[倪左辅] ✅ 领取任务: [P1] P3-07-013 - 多云部署支持
[倪左辅] 📝 生成代码: /workspace/projects/workspace/xuanji-engine-v2/07/zuofu/star/p3_07_013.py
