启动AI数字员工全自动工作系统 v3.0 (P1任务版)...
✅ 注册仓库: xuanji_engine -> /workspace/projects/workspace/xuanji-engine-v2
✅ 注册仓库: ai_stock_app -> /workspace/projects/workspace/ai-stock-app
✅ 注册仓库: hanyu_learning -> /workspace/projects/workspace/han-yu-vietnamese-learning
✅ 注册AI员工: 陈元灵 (102) -> xuanji_engine
✅ 注册AI员工: 林对齐 (106) -> xuanji_engine
✅ 注册AI员工: 黄漂移 (107) -> xuanji_engine
✅ 注册AI员工: 周进化 (108) -> xuanji_engine
✅ 注册AI员工: 吴模板 (109) -> xuanji_engine
✅ 注册AI员工: 周禄存 (111) -> xuanji_engine
✅ 注册AI员工: 郑路由 (112) -> xuanji_engine
✅ 注册AI员工: 王规划 (113) -> xuanji_engine
✅ 注册AI员工: 冯优化 (114) -> xuanji_engine
✅ 注册AI员工: 钱调度 (115) -> xuanji_engine
✅ 注册AI员工: 蒋巨门 (119) -> xuanji_engine
✅ 注册AI员工: 沈记忆 (120) -> xuanji_engine
✅ 注册AI员工: 韩向量 (121) -> xuanji_engine
✅ 注册AI员工: 杨检索 (122) -> xuanji_engine
✅ 注册AI员工: 朱图谱 (123) -> xuanji_engine
✅ 注册AI员工: 伍廉贞 (163) -> xuanji_engine
✅ 注册AI员工: 余情绪 (164) -> xuanji_engine
✅ 注册AI员工: 元人格 (165) -> xuanji_engine
✅ 注册AI员工: 孟一致 (166) -> xuanji_engine
✅ 注册AI员工: 平心理 (167) -> xuanji_engine
✅ 注册AI员工: 谢武功 (127) -> xuanji_engine
✅ 注册AI员工: 邹接口 (128) -> xuanji_engine
✅ 注册AI员工: 喻发现 (129) -> xuanji_engine
✅ 注册AI员工: 柏依赖 (130) -> xuanji_engine
✅ 注册AI员工: 水版本 (131) -> xuanji_engine
✅ 注册AI员工: 章破军 (133) -> xuanji_engine
✅ 注册AI员工: 云沙箱 (134) -> xuanji_engine
✅ 注册AI员工: 苏容器 (135) -> xuanji_engine
✅ 注册AI员工: 潘外呼 (136) -> xuanji_engine
✅ 注册AI员工: 葛消息 (137) -> xuanji_engine
✅ 注册AI员工: 倪左辅 (146) -> xuanji_engine
✅ 注册AI员工: 汤K8s (147) -> xuanji_engine
✅ 注册AI员工: 殷用户 (148) -> xuanji_engine
✅ 注册AI员工: 罗隔离 (149) -> xuanji_engine
✅ 注册AI员工: 毕配置 (150) -> xuanji_engine
✅ 注册AI员工: 周右弼 (105) -> xuanji_engine
✅ 注册AI员工: 乐法律 (156) -> xuanji_engine
✅ 注册AI员工: 于道德 (157) -> xuanji_engine
✅ 注册AI员工: 时权限 (158) -> xuanji_engine
✅ 注册AI员工: 皮审计 (159) -> xuanji_engine
✅ 注册AI员工: 薛贪狼 (143) -> xuanji_engine
✅ 注册AI员工: 雷ASR (144) -> xuanji_engine
✅ 注册AI员工: 贺TTS (145) -> xuanji_engine
✅ 注册AI员工: 贡数字人 (176) -> xuanji_engine
✅ 注册AI员工: 赏界面 (177) -> xuanji_engine
✅ 注册AI员工: 齐辅弼 (161) -> xuanji_engine
✅ 注册AI员工: 康网关 (162) -> xuanji_engine
✅ 注册AI员工: 和产品 (168) -> xuanji_engine
✅ 注册AI员工: 穆文档 (169) -> xuanji_engine
✅ 注册AI员工: 财SDK (183) -> xuanji_engine

============================================================
🚀 AI数字员工全自动工作系统 v3.0 (P1任务版)
============================================================
总员工数: 50
项目数: 3
============================================================
⚠️ P0任务完成后自动继续P1任务
⚠️ 覆盖玄玑引擎全部10个组
============================================================

🚀 [陈元灵] 开始工作...
[陈元灵] ✅ 领取任务: [P0] XJ01-P0-001 - 多模态意图识别
[陈元灵] 📝 生成代码: /workspace/projects/workspace/xuanji-engine-v2/01/ziwei/star/xj01_p0_001.py
[陈元灵] ✅ Git提交成功: 8a39542

🚀 [林对齐] 开始工作...
[林对齐] ✅ 领取任务: [P0] XJ01-P0-002 - 意图对齐机制
[林对齐] 📝 生成代码: /workspace/projects/workspace/xuanji-engine-v2/01/ziwei/star/xj01_p0_002.py
[林对齐] ✅ Git提交成功: 39f5ea8

🚀 [黄漂移] 开始工作...
[黄漂移] ✅ 领取任务: [P0] XJ01-P0-003 - 意图漂移检测
[黄漂移] 📝 生成代码: /workspace/projects/workspace/xuanji-engine-v2/01/ziwei/star/xj01_p0_003.py
[黄漂移] ✅ Git提交成功: 3a800e6

🚀 [周进化] 开始工作...
[周进化] ✅ 领取任务: [P1] XJ01-P1-002 - 自我进化体系
[周进化] 📝 生成代码: /workspace/projects/workspace/xuanji-engine-v2/01/ziwei/star/xj01_p1_002.py
[周进化] ✅ Git提交成功: 9123816

🚀 [吴模板] 开始工作...
[吴模板] ✅ 领取任务: [P1] XJ01-P1-001 - 行业数字人模板
[吴模板] 📝 生成代码: /workspace/projects/workspace/xuanji-engine-v2/01/ziwei/star/xj01_p1_001.py
[吴模板] ✅ Git提交成功: 1863786

🚀 [周禄存] 开始工作...
[周禄存] ✅ 领取任务: [P0] XJ02-P0-001 - 10+模型集成
[周禄存] 📝 生成代码: /workspace/projects/workspace/xuanji-engine-v2/02/lucun/star/xj02_p0_001.py
[周禄存] ⚠️ Git提交失败: 提交失败: 

🚀 [郑路由] 开始工作...
[郑路由] ✅ 领取任务: [P0] XJ02-P0-002 - 动态路由算法
[郑路由] 📝 生成代码: /workspace/projects/workspace/xuanji-engine-v2/02/lucun/star/xj02_p0_002.py
[郑路由] ⚠️ Git提交失败: 提交失败: 

🚀 [王规划] 开始工作...

🚀 [冯优化] 开始工作...
[冯优化] ✅ 领取任务: [P0] XJ02-P0-003 - 资源优化系统
[冯优化] 📝 生成代码: /workspace/projects/workspace/xuanji-engine-v2/02/lucun/star/xj02_p0_003.py
[冯优化] ⚠️ Git提交失败: 提交失败: 

🚀 [钱调度] 开始工作...
[钱调度] ✅ 领取任务: [P1] XJ02-P1-001 - 任务拆解模块
[钱调度] 📝 生成代码: /workspace/projects/workspace/xuanji-engine-v2/02/lucun/star/xj02_p1_001.py
[钱调度] ⚠️ Git提交失败: 提交失败: 

🚀 [蒋巨门] 开始工作...
[蒋巨门] ✅ 领取任务: [P1] XJ03-P1-001 - 瞬时记忆模块
[蒋巨门] 📝 生成代码: /workspace/projects/workspace/xuanji-engine-v2/03/jumen/star/xj03_p1_001.py
[蒋巨门] ⚠️ Git提交失败: 提交失败: 

🚀 [沈记忆] 开始工作...
[沈记忆] ✅ 领取任务: [P1] XJ03-P1-002 - 短期记忆Redis
[沈记忆] 📝 生成代码: /workspace/projects/workspace/xuanji-engine-v2/03/jumen/star/xj03_p1_002.py
[沈记忆] ⚠️ Git提交失败: 提交失败: 

🚀 [韩向量] 开始工作...
[韩向量] ✅ 领取任务: [P1] XJ03-P1-003 - 长期记忆向量库
[韩向量] 📝 生成代码: /workspace/projects/workspace/xuanji-engine-v2/03/jumen/star/xj03_p1_003.py
[韩向量] ⚠️ Git提交失败: 提交失败: 

🚀 [杨检索] 开始工作...
[杨检索] ✅ 领取任务: [P1] XJ03-P1-004 - 记忆检索API
[杨检索] 📝 生成代码: /workspace/projects/workspace/xuanji-engine-v2/03/jumen/star/xj03_p1_004.py
[杨检索] ⚠️ Git提交失败: 提交失败: 

🚀 [朱图谱] 开始工作...
[朱图谱] ✅ 领取任务: [P1] XJ03-P1-005 - Neo4j知识图谱
[朱图谱] 📝 生成代码: /workspace/projects/workspace/xuanji-engine-v2/03/jumen/star/xj03_p1_005.py
[朱图谱] ⚠️ Git提交失败: 提交失败: 

🚀 [伍廉贞] 开始工作...
[伍廉贞] ✅ 领取任务: [P1] XJ04-P1-001 - 情绪状态机
[伍廉贞] 📝 生成代码: /workspace/projects/workspace/xuanji-engine-v2/04/lianzheng/star/xj04_p1_001.py
[伍廉贞] ✅ Git提交成功: e988936

🚀 [余情绪] 开始工作...
[余情绪] ✅ 领取任务: [P1] XJ04-P1-002 - 人格配置系统
[余情绪] 📝 生成代码: /workspace/projects/workspace/xuanji-engine-v2/04/lianzheng/star/xj04_p1_002.py
[余情绪] ✅ Git提交成功: 0ae2bc6

🚀 [元人格] 开始工作...
[元人格] ✅ 领取任务: [P1] XJ04-P1-003 - 人设一致性保障
[元人格] 📝 生成代码: /workspace/projects/workspace/xuanji-engine-v2/04/lianzheng/star/xj04_p1_003.py
[元人格] ✅ Git提交成功: 86f33cb

🚀 [孟一致] 开始工作...
[孟一致] ✅ 领取任务: [P1] XJ04-P1-004 - 情感交付模型
[孟一致] 📝 生成代码: /workspace/projects/workspace/xuanji-engine-v2/04/lianzheng/star/xj04_p1_004.py
[孟一致] ✅ Git提交成功: e97f24b

🚀 [平心理] 开始工作...
[平心理] ✅ 领取任务: [P1] XJ04-P1-005 - 心理学模型
[平心理] 📝 生成代码: /workspace/projects/workspace/xuanji-engine-v2/04/lianzheng/star/xj04_p1_005.py
[平心理] ✅ Git提交成功: c8e9786

🚀 [谢武功] 开始工作...
[谢武功] ✅ 领取任务: [P1] XJ05-P1-001 - 插件基类与接口
[谢武功] 📝 生成代码: /workspace/projects/workspace/xuanji-engine-v2/05/wuqu/star/xj05_p1_001.py
[谢武功] ✅ Git提交成功: 7ab29f4

🚀 [邹接口] 开始工作...
[邹接口] ✅ 领取任务: [P1] XJ05-P1-002 - 插件注册中心
[邹接口] 📝 生成代码: /workspace/projects/workspace/xuanji-engine-v2/05/wuqu/star/xj05_p1_002.py
[邹接口] ✅ Git提交成功: ff6adf5

🚀 [喻发现] 开始工作...
[喻发现] ✅ 领取任务: [P1] XJ05-P1-003 - 插件发现机制
[喻发现] 📝 生成代码: /workspace/projects/workspace/xuanji-engine-v2/05/wuqu/star/xj05_p1_003.py
[喻发现] ✅ Git提交成功: f1d08a6

🚀 [柏依赖] 开始工作...
[柏依赖] ✅ 领取任务: [P1] XJ05-P1-004 - 依赖解析引擎
[柏依赖] 📝 生成代码: /workspace/projects/workspace/xuanji-engine-v2/05/wuqu/star/xj05_p1_004.py
[柏依赖] ✅ Git提交成功: 756a689

🚀 [水版本] 开始工作...
[水版本] ✅ 领取任务: [P1] XJ05-P1-005 - 版本管理系统
[水版本] 📝 生成代码: /workspace/projects/workspace/xuanji-engine-v2/05/wuqu/star/xj05_p1_005.py
[水版本] ✅ Git提交成功: 07de523

🚀 [章破军] 开始工作...
[章破军] ✅ 领取任务: [P1] XJ06-P1-001 - 沙箱隔离环境
[章破军] 📝 生成代码: /workspace/projects/workspace/xuanji-engine-v2/06/pojun/star/xj06_p1_001.py
[章破军] ✅ Git提交成功: afcd347

🚀 [云沙箱] 开始工作...
[云沙箱] ✅ 领取任务: [P1] XJ06-P1-002 - Docker容器管理
[云沙箱] 📝 生成代码: /workspace/projects/workspace/xuanji-engine-v2/06/pojun/star/xj06_p1_002.py
[云沙箱] ✅ Git提交成功: 238fd9d

🚀 [苏容器] 开始工作...
[苏容器] ✅ 领取任务: [P1] XJ06-P1-003 - 插件执行引擎
[苏容器] 📝 生成代码: /workspace/projects/workspace/xuanji-engine-v2/06/pojun/star/xj06_p1_003.py
[苏容器] ✅ Git提交成功: b24f6cd

🚀 [潘外呼] 开始工作...
[潘外呼] ✅ 领取任务: [P1] XJ06-P1-004 - 电话外呼插件
[潘外呼] 📝 生成代码: /workspace/projects/workspace/xuanji-engine-v2/06/pojun/star/xj06_p1_004.py
[潘外呼] ✅ Git提交成功: b7126fe

🚀 [葛消息] 开始工作...
[葛消息] ✅ 领取任务: [P1] XJ06-P1-005 - 邮件短信插件
[葛消息] 📝 生成代码: /workspace/projects/workspace/xuanji-engine-v2/06/pojun/star/xj06_p1_005.py
[葛消息] ✅ Git提交成功: 332b72a

🚀 [倪左辅] 开始工作...
[倪左辅] ✅ 领取任务: [P1] XJ07-P1-001 - K8s微服务部署
[倪左辅] 📝 生成代码: /workspace/projects/workspace/xuanji-engine-v2/07/zuofu/star/xj07_p1_001.py
[倪左辅] ✅ Git提交成功: 37e6a58

🚀 [汤K8s] 开始工作...
[汤K8s] ✅ 领取任务: [P1] XJ07-P1-002 - 用户管理模块
[汤K8s] 📝 生成代码: /workspace/projects/workspace/xuanji-engine-v2/07/zuofu/star/xj07_p1_002.py
[汤K8s] ✅ Git提交成功: 696142d

🚀 [殷用户] 开始工作...
[殷用户] ✅ 领取任务: [P1] XJ07-P1-003 - 租户隔离系统
[殷用户] 📝 生成代码: /workspace/projects/workspace/xuanji-engine-v2/07/zuofu/star/xj07_p1_003.py
[殷用户] ✅ Git提交成功: 3c397ec

🚀 [罗隔离] 开始工作...
[罗隔离] ✅ 领取任务: [P1] XJ07-P1-004 - 配置中心
[罗隔离] 📝 生成代码: /workspace/projects/workspace/xuanji-engine-v2/07/zuofu/star/xj07_p1_004.py
[罗隔离] ✅ Git提交成功: 5926cd5

🚀 [毕配置] 开始工作...
[毕配置] ✅ 领取任务: [P1] XJ07-P1-005 - 日志监控系统
[毕配置] 📝 生成代码: /workspace/projects/workspace/xuanji-engine-v2/07/zuofu/star/xj07_p1_005.py
[毕配置] ✅ Git提交成功: caf38c6

🚀 [周右弼] 开始工作...
[周右弼] ✅ 领取任务: [P1] XJ08-P1-001 - 法律红线拦截
[周右弼] 📝 生成代码: /workspace/projects/workspace/xuanji-engine-v2/08/youbi/star/xj08_p1_001.py
[周右弼] ✅ Git提交成功: 8eae5fd

🚀 [乐法律] 开始工作...

🚀 [于道德] 开始工作...
[于道德] ✅ 领取任务: [P1] XJ08-P1-003 - 权限白名单系统
[于道德] 📝 生成代码: /workspace/projects/workspace/xuanji-engine-v2/08/youbi/star/xj08_p1_003.py
[于道德] ✅ Git提交成功: d1edda7

🚀 [时权限] 开始工作...
[时权限] ✅ 领取任务: [P1] XJ08-P1-004 - 审计日志系统
[时权限] 📝 生成代码: /workspace/projects/workspace/xuanji-engine-v2/08/youbi/star/xj08_p1_004.py
[时权限] ✅ Git提交成功: 62fc89b

🚀 [皮审计] 开始工作...
[皮审计] ✅ 领取任务: [P1] XJ08-P1-005 - IntentGuard对齐
[皮审计] 📝 生成代码: /workspace/projects/workspace/xuanji-engine-v2/08/youbi/star/xj08_p1_005.py
