启动AI数字员工全自动工作系统 v3.0 (P1任务版)...
✅ 终极版任务加载成功: 53 个任务
✅ 注册仓库: xuanji_engine -> /workspace/projects/workspace/xuanji-engine-v2
✅ 注册仓库: ai_stock_app -> /workspace/projects/workspace/ai-stock-app
✅ 注册仓库: hanyu_learning -> /workspace/projects/workspace/han-yu-vietnamese-learning
✅ 注册AI员工: 陈元灵 (102) -> xuanji_engine
✅ 注册AI员工: 林对齐 (106) -> xuanji_engine
✅ 注册AI员工: 黄漂移 (107) -> xuanji_engine
✅ 注册AI员工: 周进化 (108) -> xuanji_engine
✅ 注册AI员工: 吴模板 (109) -> xuanji_engine
✅ 注册AI员工: 周禄存 (111) -> xuanji_engine
✅ 注册AI员工: 郑路由 (112) -> xuanji_engine
✅ 注册AI员工: 王规划 (113) -> xuanji_engine
✅ 注册AI员工: 冯优化 (114) -> xuanji_engine
✅ 注册AI员工: 钱调度 (115) -> xuanji_engine
✅ 注册AI员工: 蒋巨门 (119) -> xuanji_engine
✅ 注册AI员工: 沈记忆 (120) -> xuanji_engine
✅ 注册AI员工: 韩向量 (121) -> xuanji_engine
✅ 注册AI员工: 杨检索 (122) -> xuanji_engine
✅ 注册AI员工: 朱图谱 (123) -> xuanji_engine
✅ 注册AI员工: 伍廉贞 (163) -> xuanji_engine
✅ 注册AI员工: 余情绪 (164) -> xuanji_engine
✅ 注册AI员工: 元人格 (165) -> xuanji_engine
✅ 注册AI员工: 孟一致 (166) -> xuanji_engine
✅ 注册AI员工: 平心理 (167) -> xuanji_engine
✅ 注册AI员工: 谢武功 (127) -> xuanji_engine
✅ 注册AI员工: 邹接口 (128) -> xuanji_engine
✅ 注册AI员工: 喻发现 (129) -> xuanji_engine
✅ 注册AI员工: 柏依赖 (130) -> xuanji_engine
✅ 注册AI员工: 水版本 (131) -> xuanji_engine
✅ 注册AI员工: 章破军 (133) -> xuanji_engine
✅ 注册AI员工: 云沙箱 (134) -> xuanji_engine
✅ 注册AI员工: 苏容器 (135) -> xuanji_engine
✅ 注册AI员工: 潘外呼 (136) -> xuanji_engine
✅ 注册AI员工: 葛消息 (137) -> xuanji_engine
✅ 注册AI员工: 倪左辅 (146) -> xuanji_engine
✅ 注册AI员工: 汤K8s (147) -> xuanji_engine
✅ 注册AI员工: 殷用户 (148) -> xuanji_engine
✅ 注册AI员工: 罗隔离 (149) -> xuanji_engine
✅ 注册AI员工: 毕配置 (150) -> xuanji_engine
✅ 注册AI员工: 周右弼 (105) -> xuanji_engine
✅ 注册AI员工: 乐法律 (156) -> xuanji_engine
✅ 注册AI员工: 于道德 (157) -> xuanji_engine
✅ 注册AI员工: 时权限 (158) -> xuanji_engine
✅ 注册AI员工: 皮审计 (159) -> xuanji_engine
✅ 注册AI员工: 薛贪狼 (143) -> xuanji_engine
✅ 注册AI员工: 雷ASR (144) -> xuanji_engine
✅ 注册AI员工: 贺TTS (145) -> xuanji_engine
✅ 注册AI员工: 贡数字人 (176) -> xuanji_engine
✅ 注册AI员工: 赏界面 (177) -> xuanji_engine
✅ 注册AI员工: 齐辅弼 (161) -> xuanji_engine
✅ 注册AI员工: 康网关 (162) -> xuanji_engine
✅ 注册AI员工: 和产品 (168) -> xuanji_engine
✅ 注册AI员工: 穆文档 (169) -> xuanji_engine
✅ 注册AI员工: 财SDK (183) -> xuanji_engine

============================================================
🚀 AI数字员工全自动工作系统 v3.0 (P1任务版)
============================================================
总员工数: 50
项目数: 3
============================================================
⚠️ P0任务完成后自动继续P1任务
⚠️ 覆盖玄玑引擎全部10个组
============================================================

🚀 [陈元灵] 开始工作...
[陈元灵] ✅ 领取任务: [P0] Task-01 - 个性化进化决策模块开发
[陈元灵] 📝 生成代码: /workspace/projects/workspace/xuanji-engine-v2/01/ziwei/star/task_01.py
[陈元灵] ⚠️ Git提交失败: 提交失败: 

🚀 [林对齐] 开始工作...

🚀 [黄漂移] 开始工作...

🚀 [周进化] 开始工作...

🚀 [吴模板] 开始工作...

🚀 [周禄存] 开始工作...
[周禄存] ✅ 领取任务: [P0] Task-01 - 多模型统一接入协议设计
[周禄存] 📝 生成代码: /workspace/projects/workspace/xuanji-engine-v2/02/lucun/star/task_01.py
[周禄存] ⚠️ Git提交失败: 提交失败: 

🚀 [郑路由] 开始工作...

🚀 [王规划] 开始工作...

🚀 [冯优化] 开始工作...

🚀 [钱调度] 开始工作...

🚀 [蒋巨门] 开始工作...
[蒋巨门] ✅ 领取任务: [P0] OBJ-03-001 - 个性化特征记忆库
[蒋巨门] 📝 生成代码: /workspace/projects/workspace/xuanji-engine-v2/03/jumen/star/obj_03_001.py
[蒋巨门] ⚠️ Git提交失败: 提交失败: 

🚀 [沈记忆] 开始工作...

🚀 [韩向量] 开始工作...

🚀 [杨检索] 开始工作...

🚀 [朱图谱] 开始工作...

🚀 [伍廉贞] 开始工作...
[伍廉贞] ✅ 领取任务: [P0] OBJ-04-001 - 个性化人格微调系统
[伍廉贞] 📝 生成代码: /workspace/projects/workspace/xuanji-engine-v2/04/lianzheng/star/obj_04_001.py
[伍廉贞] ⚠️ Git提交失败: 提交失败: 

🚀 [余情绪] 开始工作...

🚀 [元人格] 开始工作...

🚀 [孟一致] 开始工作...

🚀 [平心理] 开始工作...

🚀 [谢武功] 开始工作...
[谢武功] ✅ 领取任务: [P0] OBJ-05-001 - 10万级插件库与能力分级
[谢武功] 📝 生成代码: /workspace/projects/workspace/xuanji-engine-v2/05/wuqu/star/obj_05_001.py
[谢武功] ⚠️ Git提交失败: 提交失败: 

🚀 [邹接口] 开始工作...
[邹接口] ✅ 领取任务: [P0] OBJ-10-001 - 官方网站与文档
[邹接口] 📝 生成代码: /workspace/projects/workspace/xuanji-engine-v2/10/fubi/star/obj_10_001.py
[邹接口] ⚠️ Git提交失败: 提交失败: 

🚀 [喻发现] 开始工作...

🚀 [柏依赖] 开始工作...

🚀 [水版本] 开始工作...

🚀 [章破军] 开始工作...
[章破军] ✅ 领取任务: [P0] OBJ-06-001 - 任务流程自动化
[章破军] 📝 生成代码: /workspace/projects/workspace/xuanji-engine-v2/06/pojun/star/obj_06_001.py
[章破军] ⚠️ Git提交失败: 提交失败: 

🚀 [云沙箱] 开始工作...

🚀 [苏容器] 开始工作...

🚀 [潘外呼] 开始工作...

🚀 [葛消息] 开始工作...

🚀 [倪左辅] 开始工作...
[倪左辅] ✅ 领取任务: [P0] OBJ-07-001 - 灵活计费引擎v2.0（算力成本导向+能力梯度定价）
[倪左辅] 📝 生成代码: /workspace/projects/workspace/xuanji-engine-v2/07/zuofu/star/obj_07_001.py
[倪左辅] ⚠️ Git提交失败: 提交失败: 

🚀 [汤K8s] 开始工作...

🚀 [殷用户] 开始工作...

🚀 [罗隔离] 开始工作...

🚀 [毕配置] 开始工作...

🚀 [周右弼] 开始工作...
[周右弼] ✅ 领取任务: [P0] OBJ-08-001 - 计费权限控制v2.0
[周右弼] 📝 生成代码: /workspace/projects/workspace/xuanji-engine-v2/08/youbi/star/obj_08_001.py
[周右弼] ⚠️ Git提交失败: 提交失败: 

🚀 [乐法律] 开始工作...

🚀 [于道德] 开始工作...

🚀 [时权限] 开始工作...

🚀 [皮审计] 开始工作...

🚀 [薛贪狼] 开始工作...
[薛贪狼] ✅ 领取任务: [P0] OBJ-09-001 - 五端统一交互协议
[薛贪狼] 📝 生成代码: /workspace/projects/workspace/xuanji-engine-v2/09/tanlang/star/obj_09_001.py
[薛贪狼] ⚠️ Git提交失败: 提交失败: 

🚀 [雷ASR] 开始工作...

🚀 [贺TTS] 开始工作...

🚀 [贡数字人] 开始工作...

🚀 [赏界面] 开始工作...

🚀 [齐辅弼] 开始工作...

🚀 [康网关] 开始工作...

🚀 [和产品] 开始工作...

🚀 [穆文档] 开始工作...

🚀 [财SDK] 开始工作...
[陈元灵] ✅ 领取任务: [P0] Task-02 - 用户个人知识图谱构建
[陈元灵] 📝 生成代码: /workspace/projects/workspace/xuanji-engine-v2/01/ziwei/star/task_02.py
[陈元灵] ⚠️ Git提交失败: 提交失败: 
[周禄存] ✅ 领取任务: [P0] Task-02 - SpeechLLM接入实现
[周禄存] 📝 生成代码: /workspace/projects/workspace/xuanji-engine-v2/02/lucun/star/task_02.py
[周禄存] ⚠️ Git提交失败: 提交失败: 
[蒋巨门] ✅ 领取任务: [P0] OBJ-03-002 - 智能检索系统
[蒋巨门] 📝 生成代码: /workspace/projects/workspace/xuanji-engine-v2/03/jumen/star/obj_03_002.py
[蒋巨门] ⚠️ Git提交失败: 提交失败: 
[伍廉贞] ✅ 领取任务: [P0] OBJ-04-002 - 数字分身系统
[伍廉贞] 📝 生成代码: /workspace/projects/workspace/xuanji-engine-v2/04/lianzheng/star/obj_04_002.py
[伍廉贞] ⚠️ Git提交失败: 提交失败: 
[谢武功] ✅ 领取任务: [P0] OBJ-05-002 - 插件自动化生产与定价系统（紫微星协同）
[谢武功] 📝 生成代码: /workspace/projects/workspace/xuanji-engine-v2/05/wuqu/star/obj_05_002.py
[谢武功] ⚠️ Git提交失败: 提交失败: 
[邹接口] ✅ 领取任务: [P0] OBJ-10-002 - 开发者开放平台
[邹接口] 📝 生成代码: /workspace/projects/workspace/xuanji-engine-v2/10/fubi/star/obj_10_002.py
[邹接口] ⚠️ Git提交失败: 提交失败: 
[章破军] ✅ 领取任务: [P0] OBJ-06-002 - 多插件协同执行
[章破军] 📝 生成代码: /workspace/projects/workspace/xuanji-engine-v2/06/pojun/star/obj_06_002.py
[章破军] ⚠️ Git提交失败: 提交失败: 
[倪左辅] ✅ 领取任务: [P0] OBJ-07-002 - 智能总控后台
[倪左辅] 📝 生成代码: /workspace/projects/workspace/xuanji-engine-v2/07/zuofu/star/obj_07_002.py
[倪左辅] ⚠️ Git提交失败: 提交失败: 
[周右弼] ✅ 领取任务: [P0] OBJ-08-002 - 等保三级合规
[周右弼] 📝 生成代码: /workspace/projects/workspace/xuanji-engine-v2/08/youbi/star/obj_08_002.py
[周右弼] ✅ Git提交成功: f6f2b9c
[薛贪狼] ✅ 领取任务: [P0] OBJ-09-002 - 跨端状态同步
[薛贪狼] 📝 生成代码: /workspace/projects/workspace/xuanji-engine-v2/09/tanlang/star/obj_09_002.py
[薛贪狼] ⚠️ Git提交失败: 提交失败: 
[陈元灵] ✅ 领取任务: [P0] Task-03 - 知识实时同步机制实现
[陈元灵] 📝 生成代码: /workspace/projects/workspace/xuanji-engine-v2/01/ziwei/star/task_03.py
[陈元灵] ⚠️ Git提交失败: 提交失败: 
[周禄存] ✅ 领取任务: [P0] Task-03 - 智能调度引擎开发
[周禄存] 📝 生成代码: /workspace/projects/workspace/xuanji-engine-v2/02/lucun/star/task_03.py
[周禄存] ✅ Git提交成功: 83d1d57
[蒋巨门] ✅ 领取任务: [P0] OBJ-03-003 - 记忆持久化
[蒋巨门] 📝 生成代码: /workspace/projects/workspace/xuanji-engine-v2/03/jumen/star/obj_03_003.py
[蒋巨门] ⚠️ Git提交失败: 提交失败: 
[伍廉贞] ✅ 领取任务: [P0] OBJ-04-003 - 人设一致性保障
[伍廉贞] 📝 生成代码: /workspace/projects/workspace/xuanji-engine-v2/04/lianzheng/star/obj_04_003.py
[伍廉贞] ⚠️ Git提交失败: 提交失败: 
[谢武功] ✅ 领取任务: [P0] OBJ-05-003 - 五大宪法铁律执行
[谢武功] 📝 生成代码: /workspace/projects/workspace/xuanji-engine-v2/05/wuqu/star/obj_05_003.py
[谢武功] ✅ Git提交成功: 5570ffb
[邹接口] ✅ 领取任务: [P0] OBJ-10-003 - 插件市场
[邹接口] 📝 生成代码: /workspace/projects/workspace/xuanji-engine-v2/10/fubi/star/obj_10_003.py
[邹接口] ⚠️ Git提交失败: 提交失败: 
[章破军] ✅ 领取任务: [P0] OBJ-06-003 - 智能错误处理
[章破军] 📝 生成代码: /workspace/projects/workspace/xuanji-engine-v2/06/pojun/star/obj_06_003.py
[章破军] ⚠️ Git提交失败: 提交失败: 
[倪左辅] ✅ 领取任务: [P0] OBJ-07-003 - 五端统一部署
[倪左辅] 📝 生成代码: /workspace/projects/workspace/xuanji-engine-v2/07/zuofu/star/obj_07_003.py
[倪左辅] ✅ Git提交成功: 39ebb68
[周右弼] ✅ 领取任务: [P0] OBJ-08-003 - 数据安全
[周右弼] 📝 生成代码: /workspace/projects/workspace/xuanji-engine-v2/08/youbi/star/obj_08_003.py
[周右弼] ✅ Git提交成功: eef8161
[薛贪狼] ✅ 领取任务: [P0] OBJ-09-003 - 性能优化
[薛贪狼] 📝 生成代码: /workspace/projects/workspace/xuanji-engine-v2/09/tanlang/star/obj_09_003.py
[薛贪狼] ⚠️ Git提交失败: 提交失败: 
[陈元灵] ✅ 领取任务: [P0] Task-06 - 系统集成测试
[陈元灵] 📝 生成代码: /workspace/projects/workspace/xuanji-engine-v2/01/ziwei/star/task_06.py
[陈元灵] ⚠️ Git提交失败: 提交失败: 
[周禄存] ✅ 领取任务: [P0] Task-04 - 模型注册中心建设
[周禄存] 📝 生成代码: /workspace/projects/workspace/xuanji-engine-v2/02/lucun/star/task_04.py
[周禄存] ✅ Git提交成功: daa4ee7
[倪左辅] ✅ 领取任务: [P0] OBJ-07-004 - 资源管理
[倪左辅] 📝 生成代码: /workspace/projects/workspace/xuanji-engine-v2/07/zuofu/star/obj_07_004.py
[倪左辅] ⚠️ Git提交失败: 提交失败: 
[陈元灵] ✅ 领取任务: [P0] Task-07 - 文档编写与交付
[陈元灵] 📝 生成代码: /workspace/projects/workspace/xuanji-engine-v2/01/ziwei/star/task_07.py
[陈元灵] ✅ Git提交成功: 430d491
[林对齐] ⏳ 暂无任务，休息60秒...
[黄漂移] ⏳ 暂无任务，休息60秒...
[周进化] ⏳ 暂无任务，休息60秒...
[吴模板] ⏳ 暂无任务，休息60秒...
[郑路由] ⏳ 暂无任务，休息60秒...
[王规划] ⏳ 暂无任务，休息60秒...
[冯优化] ⏳ 暂无任务，休息60秒...
[钱调度] ⏳ 暂无任务，休息60秒...
[沈记忆] ⏳ 暂无任务，休息60秒...
[韩向量] ⏳ 暂无任务，休息60秒...
[杨检索] ⏳ 暂无任务，休息60秒...
[朱图谱] ⏳ 暂无任务，休息60秒...
[余情绪] ⏳ 暂无任务，休息60秒...
[元人格] ⏳ 暂无任务，休息60秒...
[孟一致] ⏳ 暂无任务，休息60秒...
[平心理] ⏳ 暂无任务，休息60秒...
[喻发现] ⏳ 暂无任务，休息60秒...
[柏依赖] ⏳ 暂无任务，休息60秒...
[水版本] ⏳ 暂无任务，休息60秒...
[云沙箱] ⏳ 暂无任务，休息60秒...
[苏容器] ⏳ 暂无任务，休息60秒...
[潘外呼] ⏳ 暂无任务，休息60秒...
[葛消息] ⏳ 暂无任务，休息60秒...
[汤K8s] ⏳ 暂无任务，休息60秒...
[殷用户] ⏳ 暂无任务，休息60秒...
[罗隔离] ⏳ 暂无任务，休息60秒...
[毕配置] ⏳ 暂无任务，休息60秒...
[乐法律] ⏳ 暂无任务，休息60秒...
[于道德] ⏳ 暂无任务，休息60秒...
[时权限] ⏳ 暂无任务，休息60秒...
[皮审计] ⏳ 暂无任务，休息60秒...
[雷ASR] ⏳ 暂无任务，休息60秒...
[贺TTS] ⏳ 暂无任务，休息60秒...
[贡数字人] ⏳ 暂无任务，休息60秒...
[赏界面] ⏳ 暂无任务，休息60秒...
[齐辅弼] ⏳ 暂无任务，休息60秒...
[康网关] ⏳ 暂无任务，休息60秒...
[和产品] ⏳ 暂无任务，休息60秒...
[穆文档] ⏳ 暂无任务，休息60秒...
[财SDK] ⏳ 暂无任务，休息60秒...
[周禄存] ✅ 领取任务: [P0] Task-05 - 性能监控系统开发
[周禄存] 📝 生成代码: /workspace/projects/workspace/xuanji-engine-v2/02/lucun/star/task_05.py
[周禄存] ⚠️ Git提交失败: 提交失败: 
[陈元灵] ✅ 领取任务: [P0] C-01-001 - 全领域知识自动获取
[陈元灵] 📝 生成代码: /workspace/projects/workspace/xuanji-engine-v2/01/ziwei/star/c_01_001.py
[陈元灵] ⚠️ Git提交失败: 提交失败: 
[周禄存] ✅ 领取任务: [P0] Task-07 - 系统集成测试
[周禄存] 📝 生成代码: /workspace/projects/workspace/xuanji-engine-v2/02/lucun/star/task_07.py
[周禄存] ✅ Git提交成功: ea3ff18
[陈元灵] ✅ 领取任务: [P0] C-01-002 - 知识切片自动生成
[陈元灵] 📝 生成代码: /workspace/projects/workspace/xuanji-engine-v2/01/ziwei/star/c_01_002.py
[陈元灵] ⚠️ Git提交失败: 提交失败: 
[周禄存] ✅ 领取任务: [P0] Task-08 - 文档编写与交付
[周禄存] 📝 生成代码: /workspace/projects/workspace/xuanji-engine-v2/02/lucun/star/task_08.py
[周禄存] ⚠️ Git提交失败: 提交失败: 
[陈元灵] ✅ 领取任务: [P0] C-01-003 - 插件自动化封装
[陈元灵] 📝 生成代码: /workspace/projects/workspace/xuanji-engine-v2/01/ziwei/star/c_01_003.py
[陈元灵] ✅ Git提交成功: 47889c6
[周禄存] ✅ 领取任务: [P0] C-02-001 - 多模型统一接入
[周禄存] 📝 生成代码: /workspace/projects/workspace/xuanji-engine-v2/02/lucun/star/c_02_001.py
[周禄存] ⚠️ Git提交失败: 提交失败: 
[蒋巨门] ⏳ 暂无任务，休息60秒...
[伍廉贞] ⏳ 暂无任务，休息60秒...
[谢武功] ⏳ 暂无任务，休息60秒...
[邹接口] ⏳ 暂无任务，休息60秒...
[章破军] ⏳ 暂无任务，休息60秒...
[周右弼] ⏳ 暂无任务，休息60秒...
[薛贪狼] ⏳ 暂无任务，休息60秒...
[陈元灵] ✅ 领取任务: [P0] C-01-004 - 智能定价系统
[陈元灵] 📝 生成代码: /workspace/projects/workspace/xuanji-engine-v2/01/ziwei/star/c_01_004.py
[陈元灵] ⚠️ Git提交失败: 提交失败: 
[周禄存] ✅ 领取任务: [P0] C-02-002 - 智能调度引擎
[周禄存] 📝 生成代码: /workspace/projects/workspace/xuanji-engine-v2/02/lucun/star/c_02_002.py
[周禄存] ✅ Git提交成功: bea4fce
[倪左辅] ⏳ 暂无任务，休息60秒...
[陈元灵] ✅ 领取任务: [P0] C-01-005 - 总控后台监控
[陈元灵] 📝 生成代码: /workspace/projects/workspace/xuanji-engine-v2/01/ziwei/star/c_01_005.py
[陈元灵] ⚠️ Git提交失败: 提交失败: 
[周禄存] ✅ 领取任务: [P0] C-02-003 - 成本优化
[周禄存] 📝 生成代码: /workspace/projects/workspace/xuanji-engine-v2/02/lucun/star/c_02_003.py
[周禄存] ⚠️ Git提交失败: 提交失败: 
[陈元灵] ✅ 领取任务: [P0] C-01-006 - 个性化进化决策
[陈元灵] 📝 生成代码: /workspace/projects/workspace/xuanji-engine-v2/01/ziwei/star/c_01_006.py
[陈元灵] ✅ Git提交成功: 598b37b
[周禄存] ✅ 领取任务: [P0] C-02-004 - 性能监控
[周禄存] 📝 生成代码: /workspace/projects/workspace/xuanji-engine-v2/02/lucun/star/c_02_004.py
[周禄存] ⚠️ Git提交失败: 提交失败: 
[陈元灵] ✅ 领取任务: [P0] C-01-007 - 用户个人知识图谱
[陈元灵] 📝 生成代码: /workspace/projects/workspace/xuanji-engine-v2/01/ziwei/star/c_01_007.py
[陈元灵] ⚠️ Git提交失败: 提交失败: 
[周禄存] ✅ 领取任务: [P1] Task-06 - 成本优化算法开发
[周禄存] 📝 生成代码: /workspace/projects/workspace/xuanji-engine-v2/02/lucun/star/task_06.py
[周禄存] ✅ Git提交成功: 904f4da
[陈元灵] ✅ 领取任务: [P0] C-01-008 - 知识实时同步
[陈元灵] 📝 生成代码: /workspace/projects/workspace/xuanji-engine-v2/01/ziwei/star/c_01_008.py
[陈元灵] ⚠️ Git提交失败: 提交失败: 
[周禄存] ✅ 领取任务: [P1] C-02-005 - 模型自动注册
[周禄存] 📝 生成代码: /workspace/projects/workspace/xuanji-engine-v2/02/lucun/star/c_02_005.py
[周禄存] ⚠️ Git提交失败: 提交失败: 
[陈元灵] ✅ 领取任务: [P1] Task-04 - 元灵系统性能优化
[陈元灵] 📝 生成代码: /workspace/projects/workspace/xuanji-engine-v2/01/ziwei/star/task_04.py
[陈元灵] ✅ Git提交成功: 0f27b0d
[陈元灵] ✅ 领取任务: [P1] Task-05 - 自我进化能力增强
[陈元灵] 📝 生成代码: /workspace/projects/workspace/xuanji-engine-v2/01/ziwei/star/task_05.py
[陈元灵] ⚠️ Git提交失败: 提交失败: 
[周禄存] ⏳ 暂无任务，休息60秒...
[陈元灵] ⏳ 暂无任务，休息60秒...
[林对齐] ⏳ 暂无任务，休息60秒...
[黄漂移] ⏳ 暂无任务，休息60秒...
[周进化] ⏳ 暂无任务，休息60秒...
[吴模板] ⏳ 暂无任务，休息60秒...
[郑路由] ⏳ 暂无任务，休息60秒...
[王规划] ⏳ 暂无任务，休息60秒...
[冯优化] ⏳ 暂无任务，休息60秒...
[钱调度] ⏳ 暂无任务，休息60秒...
[沈记忆] ⏳ 暂无任务，休息60秒...
[韩向量] ⏳ 暂无任务，休息60秒...
[杨检索] ⏳ 暂无任务，休息60秒...
[朱图谱] ⏳ 暂无任务，休息60秒...
[余情绪] ⏳ 暂无任务，休息60秒...
[元人格] ⏳ 暂无任务，休息60秒...
[孟一致] ⏳ 暂无任务，休息60秒...
[平心理] ⏳ 暂无任务，休息60秒...
[喻发现] ⏳ 暂无任务，休息60秒...
[柏依赖] ⏳ 暂无任务，休息60秒...
[水版本] ⏳ 暂无任务，休息60秒...
[云沙箱] ⏳ 暂无任务，休息60秒...
[苏容器] ⏳ 暂无任务，休息60秒...
[潘外呼] ⏳ 暂无任务，休息60秒...
[葛消息] ⏳ 暂无任务，休息60秒...
[汤K8s] ⏳ 暂无任务，休息60秒...
[殷用户] ⏳ 暂无任务，休息60秒...
[罗隔离] ⏳ 暂无任务，休息60秒...
[毕配置] ⏳ 暂无任务，休息60秒...
[乐法律] ⏳ 暂无任务，休息60秒...
[于道德] ⏳ 暂无任务，休息60秒...
[时权限] ⏳ 暂无任务，休息60秒...
[皮审计] ⏳ 暂无任务，休息60秒...
[雷ASR] ⏳ 暂无任务，休息60秒...
[贺TTS] ⏳ 暂无任务，休息60秒...
[贡数字人] ⏳ 暂无任务，休息60秒...
[赏界面] ⏳ 暂无任务，休息60秒...
[齐辅弼] ⏳ 暂无任务，休息60秒...
[康网关] ⏳ 暂无任务，休息60秒...
[和产品] ⏳ 暂无任务，休息60秒...
[穆文档] ⏳ 暂无任务，休息60秒...
[财SDK] ⏳ 暂无任务，休息60秒...
[蒋巨门] ⏳ 暂无任务，休息60秒...
[伍廉贞] ⏳ 暂无任务，休息60秒...
[谢武功] ⏳ 暂无任务，休息60秒...
[邹接口] ⏳ 暂无任务，休息60秒...
[章破军] ⏳ 暂无任务，休息60秒...
[周右弼] ⏳ 暂无任务，休息60秒...
[薛贪狼] ⏳ 暂无任务，休息60秒...
[倪左辅] ⏳ 暂无任务，休息60秒...
[周禄存] ⏳ 暂无任务，休息60秒...
[陈元灵] ⏳ 暂无任务，休息60秒...
[林对齐] ⏳ 暂无任务，休息60秒...
[黄漂移] ⏳ 暂无任务，休息60秒...
[周进化] ⏳ 暂无任务，休息60秒...
[吴模板] ⏳ 暂无任务，休息60秒...
[郑路由] ⏳ 暂无任务，休息60秒...
[王规划] ⏳ 暂无任务，休息60秒...
[冯优化] ⏳ 暂无任务，休息60秒...
[钱调度] ⏳ 暂无任务，休息60秒...
[沈记忆] ⏳ 暂无任务，休息60秒...
[韩向量] ⏳ 暂无任务，休息60秒...
[杨检索] ⏳ 暂无任务，休息60秒...
[朱图谱] ⏳ 暂无任务，休息60秒...
[余情绪] ⏳ 暂无任务，休息60秒...
[元人格] ⏳ 暂无任务，休息60秒...
[孟一致] ⏳ 暂无任务，休息60秒...
[平心理] ⏳ 暂无任务，休息60秒...
[喻发现] ⏳ 暂无任务，休息60秒...
[柏依赖] ⏳ 暂无任务，休息60秒...
[水版本] ⏳ 暂无任务，休息60秒...
[云沙箱] ⏳ 暂无任务，休息60秒...
[苏容器] ⏳ 暂无任务，休息60秒...
[潘外呼] ⏳ 暂无任务，休息60秒...
[葛消息] ⏳ 暂无任务，休息60秒...
[汤K8s] ⏳ 暂无任务，休息60秒...
[殷用户] ⏳ 暂无任务，休息60秒...
[罗隔离] ⏳ 暂无任务，休息60秒...
[毕配置] ⏳ 暂无任务，休息60秒...
[乐法律] ⏳ 暂无任务，休息60秒...
[于道德] ⏳ 暂无任务，休息60秒...
[时权限] ⏳ 暂无任务，休息60秒...
[皮审计] ⏳ 暂无任务，休息60秒...
[雷ASR] ⏳ 暂无任务，休息60秒...
[贺TTS] ⏳ 暂无任务，休息60秒...
[贡数字人] ⏳ 暂无任务，休息60秒...
[赏界面] ⏳ 暂无任务，休息60秒...
[齐辅弼] ⏳ 暂无任务，休息60秒...
[康网关] ⏳ 暂无任务，休息60秒...
[和产品] ⏳ 暂无任务，休息60秒...
[穆文档] ⏳ 暂无任务，休息60秒...
[财SDK] ⏳ 暂无任务，休息60秒...
[蒋巨门] ⏳ 暂无任务，休息60秒...
[伍廉贞] ⏳ 暂无任务，休息60秒...
[谢武功] ⏳ 暂无任务，休息60秒...
[邹接口] ⏳ 暂无任务，休息60秒...
[章破军] ⏳ 暂无任务，休息60秒...
[周右弼] ⏳ 暂无任务，休息60秒...
[薛贪狼] ⏳ 暂无任务，休息60秒...
[倪左辅] ⏳ 暂无任务，休息60秒...
[周禄存] ⏳ 暂无任务，休息60秒...
[陈元灵] ⏳ 暂无任务，休息60秒...
[林对齐] ⏳ 暂无任务，休息60秒...
[黄漂移] ⏳ 暂无任务，休息60秒...
[周进化] ⏳ 暂无任务，休息60秒...
[吴模板] ⏳ 暂无任务，休息60秒...
[郑路由] ⏳ 暂无任务，休息60秒...
[王规划] ⏳ 暂无任务，休息60秒...
[冯优化] ⏳ 暂无任务，休息60秒...
[钱调度] ⏳ 暂无任务，休息60秒...
[沈记忆] ⏳ 暂无任务，休息60秒...
[韩向量] ⏳ 暂无任务，休息60秒...
[杨检索] ⏳ 暂无任务，休息60秒...
[朱图谱] ⏳ 暂无任务，休息60秒...
[余情绪] ⏳ 暂无任务，休息60秒...
[元人格] ⏳ 暂无任务，休息60秒...
[孟一致] ⏳ 暂无任务，休息60秒...
[平心理] ⏳ 暂无任务，休息60秒...
[喻发现] ⏳ 暂无任务，休息60秒...
[柏依赖] ⏳ 暂无任务，休息60秒...
[水版本] ⏳ 暂无任务，休息60秒...
[云沙箱] ⏳ 暂无任务，休息60秒...
[苏容器] ⏳ 暂无任务，休息60秒...
[潘外呼] ⏳ 暂无任务，休息60秒...
[葛消息] ⏳ 暂无任务，休息60秒...
[汤K8s] ⏳ 暂无任务，休息60秒...
[殷用户] ⏳ 暂无任务，休息60秒...
[罗隔离] ⏳ 暂无任务，休息60秒...
[毕配置] ⏳ 暂无任务，休息60秒...
[乐法律] ⏳ 暂无任务，休息60秒...
[于道德] ⏳ 暂无任务，休息60秒...
[时权限] ⏳ 暂无任务，休息60秒...
[皮审计] ⏳ 暂无任务，休息60秒...
[雷ASR] ⏳ 暂无任务，休息60秒...
[贺TTS] ⏳ 暂无任务，休息60秒...
[贡数字人] ⏳ 暂无任务，休息60秒...
[赏界面] ⏳ 暂无任务，休息60秒...
[齐辅弼] ⏳ 暂无任务，休息60秒...
[康网关] ⏳ 暂无任务，休息60秒...
[和产品] ⏳ 暂无任务，休息60秒...
[穆文档] ⏳ 暂无任务，休息60秒...
[财SDK] ⏳ 暂无任务，休息60秒...
[蒋巨门] ⏳ 暂无任务，休息60秒...
[伍廉贞] ⏳ 暂无任务，休息60秒...
[谢武功] ⏳ 暂无任务，休息60秒...
[邹接口] ⏳ 暂无任务，休息60秒...
[章破军] ⏳ 暂无任务，休息60秒...
[周右弼] ⏳ 暂无任务，休息60秒...
[薛贪狼] ⏳ 暂无任务，休息60秒...
[倪左辅] ⏳ 暂无任务，休息60秒...
[周禄存] ⏳ 暂无任务，休息60秒...
[陈元灵] ⏳ 暂无任务，休息60秒...
[林对齐] ⏳ 暂无任务，休息60秒...
[黄漂移] ⏳ 暂无任务，休息60秒...
[周进化] ⏳ 暂无任务，休息60秒...
[吴模板] ⏳ 暂无任务，休息60秒...
[郑路由] ⏳ 暂无任务，休息60秒...
[王规划] ⏳ 暂无任务，休息60秒...
[冯优化] ⏳ 暂无任务，休息60秒...
[钱调度] ⏳ 暂无任务，休息60秒...
[沈记忆] ⏳ 暂无任务，休息60秒...
[韩向量] ⏳ 暂无任务，休息60秒...
[杨检索] ⏳ 暂无任务，休息60秒...
[朱图谱] ⏳ 暂无任务，休息60秒...
[余情绪] ⏳ 暂无任务，休息60秒...
[元人格] ⏳ 暂无任务，休息60秒...
[孟一致] ⏳ 暂无任务，休息60秒...
[平心理] ⏳ 暂无任务，休息60秒...
[喻发现] ⏳ 暂无任务，休息60秒...
[柏依赖] ⏳ 暂无任务，休息60秒...
[水版本] ⏳ 暂无任务，休息60秒...
[云沙箱] ⏳ 暂无任务，休息60秒...
[苏容器] ⏳ 暂无任务，休息60秒...
[潘外呼] ⏳ 暂无任务，休息60秒...
[葛消息] ⏳ 暂无任务，休息60秒...
[汤K8s] ⏳ 暂无任务，休息60秒...
[殷用户] ⏳ 暂无任务，休息60秒...
[罗隔离] ⏳ 暂无任务，休息60秒...
[毕配置] ⏳ 暂无任务，休息60秒...
[乐法律] ⏳ 暂无任务，休息60秒...
[于道德] ⏳ 暂无任务，休息60秒...
[时权限] ⏳ 暂无任务，休息60秒...
[皮审计] ⏳ 暂无任务，休息60秒...
[雷ASR] ⏳ 暂无任务，休息60秒...
[贺TTS] ⏳ 暂无任务，休息60秒...
[贡数字人] ⏳ 暂无任务，休息60秒...
[赏界面] ⏳ 暂无任务，休息60秒...
[齐辅弼] ⏳ 暂无任务，休息60秒...
[康网关] ⏳ 暂无任务，休息60秒...
[和产品] ⏳ 暂无任务，休息60秒...
[穆文档] ⏳ 暂无任务，休息60秒...
[财SDK] ⏳ 暂无任务，休息60秒...
[蒋巨门] ⏳ 暂无任务，休息60秒...
[伍廉贞] ⏳ 暂无任务，休息60秒...
[谢武功] ⏳ 暂无任务，休息60秒...
[邹接口] ⏳ 暂无任务，休息60秒...
[章破军] ⏳ 暂无任务，休息60秒...
[周右弼] ⏳ 暂无任务，休息60秒...
[薛贪狼] ⏳ 暂无任务，休息60秒...
[倪左辅] ⏳ 暂无任务，休息60秒...
[周禄存] ⏳ 暂无任务，休息60秒...
[陈元灵] ⏳ 暂无任务，休息60秒...
[林对齐] ⏳ 暂无任务，休息60秒...
[黄漂移] ⏳ 暂无任务，休息60秒...
[周进化] ⏳ 暂无任务，休息60秒...
[吴模板] ⏳ 暂无任务，休息60秒...
[郑路由] ⏳ 暂无任务，休息60秒...
[王规划] ⏳ 暂无任务，休息60秒...
[冯优化] ⏳ 暂无任务，休息60秒...
[钱调度] ⏳ 暂无任务，休息60秒...
[沈记忆] ⏳ 暂无任务，休息60秒...
[韩向量] ⏳ 暂无任务，休息60秒...
[杨检索] ⏳ 暂无任务，休息60秒...
[朱图谱] ⏳ 暂无任务，休息60秒...
[余情绪] ⏳ 暂无任务，休息60秒...
[元人格] ⏳ 暂无任务，休息60秒...
[孟一致] ⏳ 暂无任务，休息60秒...
[平心理] ⏳ 暂无任务，休息60秒...
[喻发现] ⏳ 暂无任务，休息60秒...
[柏依赖] ⏳ 暂无任务，休息60秒...
[水版本] ⏳ 暂无任务，休息60秒...
[云沙箱] ⏳ 暂无任务，休息60秒...
[苏容器] ⏳ 暂无任务，休息60秒...
[潘外呼] ⏳ 暂无任务，休息60秒...
[葛消息] ⏳ 暂无任务，休息60秒...
[汤K8s] ⏳ 暂无任务，休息60秒...
[殷用户] ⏳ 暂无任务，休息60秒...
[罗隔离] ⏳ 暂无任务，休息60秒...
[毕配置] ⏳ 暂无任务，休息60秒...
[乐法律] ⏳ 暂无任务，休息60秒...
[于道德] ⏳ 暂无任务，休息60秒...
[时权限] ⏳ 暂无任务，休息60秒...
[皮审计] ⏳ 暂无任务，休息60秒...
[雷ASR] ⏳ 暂无任务，休息60秒...
[贺TTS] ⏳ 暂无任务，休息60秒...
[贡数字人] ⏳ 暂无任务，休息60秒...
[赏界面] ⏳ 暂无任务，休息60秒...
[齐辅弼] ⏳ 暂无任务，休息60秒...
[康网关] ⏳ 暂无任务，休息60秒...
[和产品] ⏳ 暂无任务，休息60秒...
[穆文档] ⏳ 暂无任务，休息60秒...
[财SDK] ⏳ 暂无任务，休息60秒...
[蒋巨门] ⏳ 暂无任务，休息60秒...
[伍廉贞] ⏳ 暂无任务，休息60秒...
[谢武功] ⏳ 暂无任务，休息60秒...
[邹接口] ⏳ 暂无任务，休息60秒...
[章破军] ⏳ 暂无任务，休息60秒...
[周右弼] ⏳ 暂无任务，休息60秒...
[薛贪狼] ⏳ 暂无任务，休息60秒...
[倪左辅] ⏳ 暂无任务，休息60秒...
[周禄存] ⏳ 暂无任务，休息60秒...
[陈元灵] ⏳ 暂无任务，休息60秒...
[林对齐] ⏳ 暂无任务，休息60秒...
[黄漂移] ⏳ 暂无任务，休息60秒...
[周进化] ⏳ 暂无任务，休息60秒...
[吴模板] ⏳ 暂无任务，休息60秒...
[郑路由] ⏳ 暂无任务，休息60秒...
[王规划] ⏳ 暂无任务，休息60秒...
[冯优化] ⏳ 暂无任务，休息60秒...
[钱调度] ⏳ 暂无任务，休息60秒...
[沈记忆] ⏳ 暂无任务，休息60秒...
[韩向量] ⏳ 暂无任务，休息60秒...
[杨检索] ⏳ 暂无任务，休息60秒...
[朱图谱] ⏳ 暂无任务，休息60秒...
[余情绪] ⏳ 暂无任务，休息60秒...
[元人格] ⏳ 暂无任务，休息60秒...
[孟一致] ⏳ 暂无任务，休息60秒...
[平心理] ⏳ 暂无任务，休息60秒...
[喻发现] ⏳ 暂无任务，休息60秒...
[柏依赖] ⏳ 暂无任务，休息60秒...
[水版本] ⏳ 暂无任务，休息60秒...
[云沙箱] ⏳ 暂无任务，休息60秒...
[苏容器] ⏳ 暂无任务，休息60秒...
[潘外呼] ⏳ 暂无任务，休息60秒...
[葛消息] ⏳ 暂无任务，休息60秒...
[汤K8s] ⏳ 暂无任务，休息60秒...
[殷用户] ⏳ 暂无任务，休息60秒...
[罗隔离] ⏳ 暂无任务，休息60秒...
[毕配置] ⏳ 暂无任务，休息60秒...
[乐法律] ⏳ 暂无任务，休息60秒...
[于道德] ⏳ 暂无任务，休息60秒...
[时权限] ⏳ 暂无任务，休息60秒...
[皮审计] ⏳ 暂无任务，休息60秒...
[雷ASR] ⏳ 暂无任务，休息60秒...
[贺TTS] ⏳ 暂无任务，休息60秒...
[贡数字人] ⏳ 暂无任务，休息60秒...
[赏界面] ⏳ 暂无任务，休息60秒...
[齐辅弼] ⏳ 暂无任务，休息60秒...
[康网关] ⏳ 暂无任务，休息60秒...
[和产品] ⏳ 暂无任务，休息60秒...
[穆文档] ⏳ 暂无任务，休息60秒...
[财SDK] ⏳ 暂无任务，休息60秒...
[蒋巨门] ⏳ 暂无任务，休息60秒...
[伍廉贞] ⏳ 暂无任务，休息60秒...
[谢武功] ⏳ 暂无任务，休息60秒...
[邹接口] ⏳ 暂无任务，休息60秒...
[章破军] ⏳ 暂无任务，休息60秒...
[周右弼] ⏳ 暂无任务，休息60秒...
[薛贪狼] ⏳ 暂无任务，休息60秒...
[倪左辅] ⏳ 暂无任务，休息60秒...
[周禄存] ⏳ 暂无任务，休息60秒...
[陈元灵] ⏳ 暂无任务，休息60秒...
[林对齐] ⏳ 暂无任务，休息60秒...
[黄漂移] ⏳ 暂无任务，休息60秒...
[周进化] ⏳ 暂无任务，休息60秒...
[吴模板] ⏳ 暂无任务，休息60秒...
[郑路由] ⏳ 暂无任务，休息60秒...
[王规划] ⏳ 暂无任务，休息60秒...
[冯优化] ⏳ 暂无任务，休息60秒...
[钱调度] ⏳ 暂无任务，休息60秒...
[沈记忆] ⏳ 暂无任务，休息60秒...
[韩向量] ⏳ 暂无任务，休息60秒...
[杨检索] ⏳ 暂无任务，休息60秒...
[朱图谱] ⏳ 暂无任务，休息60秒...
[余情绪] ⏳ 暂无任务，休息60秒...
[元人格] ⏳ 暂无任务，休息60秒...
[孟一致] ⏳ 暂无任务，休息60秒...
[平心理] ⏳ 暂无任务，休息60秒...
[喻发现] ⏳ 暂无任务，休息60秒...
[柏依赖] ⏳ 暂无任务，休息60秒...
[水版本] ⏳ 暂无任务，休息60秒...
[云沙箱] ⏳ 暂无任务，休息60秒...
[苏容器] ⏳ 暂无任务，休息60秒...
[潘外呼] ⏳ 暂无任务，休息60秒...
[葛消息] ⏳ 暂无任务，休息60秒...
[汤K8s] ⏳ 暂无任务，休息60秒...
[殷用户] ⏳ 暂无任务，休息60秒...
[罗隔离] ⏳ 暂无任务，休息60秒...
[毕配置] ⏳ 暂无任务，休息60秒...
[乐法律] ⏳ 暂无任务，休息60秒...
[于道德] ⏳ 暂无任务，休息60秒...
[时权限] ⏳ 暂无任务，休息60秒...
[皮审计] ⏳ 暂无任务，休息60秒...
[雷ASR] ⏳ 暂无任务，休息60秒...
[贺TTS] ⏳ 暂无任务，休息60秒...
[贡数字人] ⏳ 暂无任务，休息60秒...
[赏界面] ⏳ 暂无任务，休息60秒...
[齐辅弼] ⏳ 暂无任务，休息60秒...
[康网关] ⏳ 暂无任务，休息60秒...
[和产品] ⏳ 暂无任务，休息60秒...
[穆文档] ⏳ 暂无任务，休息60秒...
[财SDK] ⏳ 暂无任务，休息60秒...
[蒋巨门] ⏳ 暂无任务，休息60秒...
[伍廉贞] ⏳ 暂无任务，休息60秒...
[谢武功] ⏳ 暂无任务，休息60秒...
[邹接口] ⏳ 暂无任务，休息60秒...
[章破军] ⏳ 暂无任务，休息60秒...
[周右弼] ⏳ 暂无任务，休息60秒...
[薛贪狼] ⏳ 暂无任务，休息60秒...
[倪左辅] ⏳ 暂无任务，休息60秒...
[周禄存] ⏳ 暂无任务，休息60秒...
[陈元灵] ⏳ 暂无任务，休息60秒...
[林对齐] ⏳ 暂无任务，休息60秒...
[黄漂移] ⏳ 暂无任务，休息60秒...
[周进化] ⏳ 暂无任务，休息60秒...
[吴模板] ⏳ 暂无任务，休息60秒...
[郑路由] ⏳ 暂无任务，休息60秒...
[王规划] ⏳ 暂无任务，休息60秒...
[冯优化] ⏳ 暂无任务，休息60秒...
[钱调度] ⏳ 暂无任务，休息60秒...
[沈记忆] ⏳ 暂无任务，休息60秒...
[韩向量] ⏳ 暂无任务，休息60秒...
[杨检索] ⏳ 暂无任务，休息60秒...
[朱图谱] ⏳ 暂无任务，休息60秒...
[余情绪] ⏳ 暂无任务，休息60秒...
[元人格] ⏳ 暂无任务，休息60秒...
[孟一致] ⏳ 暂无任务，休息60秒...
[平心理] ⏳ 暂无任务，休息60秒...
[喻发现] ⏳ 暂无任务，休息60秒...
[柏依赖] ⏳ 暂无任务，休息60秒...
[水版本] ⏳ 暂无任务，休息60秒...
[云沙箱] ⏳ 暂无任务，休息60秒...
[苏容器] ⏳ 暂无任务，休息60秒...
[潘外呼] ⏳ 暂无任务，休息60秒...
[葛消息] ⏳ 暂无任务，休息60秒...
[汤K8s] ⏳ 暂无任务，休息60秒...
[殷用户] ⏳ 暂无任务，休息60秒...
[罗隔离] ⏳ 暂无任务，休息60秒...
[毕配置] ⏳ 暂无任务，休息60秒...
[乐法律] ⏳ 暂无任务，休息60秒...
[于道德] ⏳ 暂无任务，休息60秒...
[时权限] ⏳ 暂无任务，休息60秒...
[皮审计] ⏳ 暂无任务，休息60秒...
[雷ASR] ⏳ 暂无任务，休息60秒...
[贺TTS] ⏳ 暂无任务，休息60秒...
[贡数字人] ⏳ 暂无任务，休息60秒...
[赏界面] ⏳ 暂无任务，休息60秒...
[齐辅弼] ⏳ 暂无任务，休息60秒...
[康网关] ⏳ 暂无任务，休息60秒...
[和产品] ⏳ 暂无任务，休息60秒...
[穆文档] ⏳ 暂无任务，休息60秒...
[财SDK] ⏳ 暂无任务，休息60秒...
